Archive member included to satisfy reference by file (symbol)

../lib\libarm_cortexM4l_math.a(arm_mat_trans_f32.o)
                              ./src/kalman_filter.o (arm_mat_trans_f32)
../lib\libarm_cortexM4l_math.a(arm_mat_sub_f32.o)
                              ./src/kalman_filter.o (arm_mat_sub_f32)
../lib\libarm_cortexM4l_math.a(arm_mat_mult_f32.o)
                              ./src/kalman_filter.o (arm_mat_mult_f32)
../lib\libarm_cortexM4l_math.a(arm_mat_inverse_f32.o)
                              ./src/kalman_filter.o (arm_mat_inverse_f32)
../lib\libarm_cortexM4l_math.a(arm_mat_init_f32.o)
                              ./src/kalman_filter.o (arm_mat_init_f32)
../lib\libarm_cortexM4l_math.a(arm_mat_add_f32.o)
                              ./src/kalman_filter.o (arm_mat_add_f32)
c:/users/malep/appdata/roaming/xpacks/@xpack-dev-tools/arm-none-eabi-gcc/11.3.1-1.1.2/.content/bin/../lib/gcc/arm-none-eabi/11.3.1/thumb/v7e-m/nofp\libgcc.a(_arm_mulsf3.o)
                              ../lib\libarm_cortexM4l_math.a(arm_mat_mult_f32.o) (__aeabi_fmul)
c:/users/malep/appdata/roaming/xpacks/@xpack-dev-tools/arm-none-eabi-gcc/11.3.1-1.1.2/.content/bin/../lib/gcc/arm-none-eabi/11.3.1/thumb/v7e-m/nofp\libgcc.a(_arm_addsubdf3.o)
                              ./src/main.o (__aeabi_f2d)
c:/users/malep/appdata/roaming/xpacks/@xpack-dev-tools/arm-none-eabi-gcc/11.3.1-1.1.2/.content/bin/../lib/gcc/arm-none-eabi/11.3.1/thumb/v7e-m/nofp\libgcc.a(_arm_addsubsf3.o)
                              ../lib\libarm_cortexM4l_math.a(arm_mat_sub_f32.o) (__aeabi_fsub)
c:/users/malep/appdata/roaming/xpacks/@xpack-dev-tools/arm-none-eabi-gcc/11.3.1-1.1.2/.content/bin/../lib/gcc/arm-none-eabi/11.3.1/thumb/v7e-m/nofp\libgcc.a(_arm_muldivsf3.o)
                              ../lib\libarm_cortexM4l_math.a(arm_mat_inverse_f32.o) (__aeabi_fdiv)
c:/users/malep/appdata/roaming/xpacks/@xpack-dev-tools/arm-none-eabi-gcc/11.3.1-1.1.2/.content/bin/../lib/gcc/arm-none-eabi/11.3.1/thumb/v7e-m/nofp\libgcc.a(_arm_cmpsf2.o)
                              ../lib\libarm_cortexM4l_math.a(arm_mat_inverse_f32.o) (__aeabi_fcmpeq)
c:/users/malep/appdata/roaming/xpacks/@xpack-dev-tools/arm-none-eabi-gcc/11.3.1-1.1.2/.content/bin/../lib/gcc/arm-none-eabi/11.3.1/thumb/v7e-m/nofp\libgcc.a(_aeabi_uldivmod.o)
                              ./system/src/stm32f4-hal/stm32f4xx_hal_rcc.o (__aeabi_uldivmod)
c:/users/malep/appdata/roaming/xpacks/@xpack-dev-tools/arm-none-eabi-gcc/11.3.1-1.1.2/.content/bin/../lib/gcc/arm-none-eabi/11.3.1/thumb/v7e-m/nofp\libgcc.a(_udivmoddi4.o)
                              c:/users/malep/appdata/roaming/xpacks/@xpack-dev-tools/arm-none-eabi-gcc/11.3.1-1.1.2/.content/bin/../lib/gcc/arm-none-eabi/11.3.1/thumb/v7e-m/nofp\libgcc.a(_aeabi_uldivmod.o) (__udivmoddi4)
c:/users/malep/appdata/roaming/xpacks/@xpack-dev-tools/arm-none-eabi-gcc/11.3.1-1.1.2/.content/bin/../lib/gcc/arm-none-eabi/11.3.1/thumb/v7e-m/nofp\libgcc.a(_dvmd_tls.o)
                              c:/users/malep/appdata/roaming/xpacks/@xpack-dev-tools/arm-none-eabi-gcc/11.3.1-1.1.2/.content/bin/../lib/gcc/arm-none-eabi/11.3.1/thumb/v7e-m/nofp\libgcc.a(_aeabi_uldivmod.o) (__aeabi_ldiv0)
c:/users/malep/appdata/roaming/xpacks/@xpack-dev-tools/arm-none-eabi-gcc/11.3.1-1.1.2/.content/bin/../lib/gcc/arm-none-eabi/11.3.1/../../../../arm-none-eabi/lib/thumb/v7e-m/nofp\libg_nano.a(libc_a-nano-vfprintf_float.o)
                              (_printf_float)
c:/users/malep/appdata/roaming/xpacks/@xpack-dev-tools/arm-none-eabi-gcc/11.3.1-1.1.2/.content/bin/../lib/gcc/arm-none-eabi/11.3.1/../../../../arm-none-eabi/lib/thumb/v7e-m/nofp\libg_nano.a(libc_a-nano-vfprintf_i.o)
                              c:/users/malep/appdata/roaming/xpacks/@xpack-dev-tools/arm-none-eabi-gcc/11.3.1-1.1.2/.content/bin/../lib/gcc/arm-none-eabi/11.3.1/../../../../arm-none-eabi/lib/thumb/v7e-m/nofp\libg_nano.a(libc_a-nano-vfprintf_float.o) (_printf_common)
c:/users/malep/appdata/roaming/xpacks/@xpack-dev-tools/arm-none-eabi-gcc/11.3.1-1.1.2/.content/bin/../lib/gcc/arm-none-eabi/11.3.1/../../../../arm-none-eabi/lib/thumb/v7e-m/nofp\libg_nano.a(libc_a-nano-vfscanf_float.o)
                              (_scanf_float)
c:/users/malep/appdata/roaming/xpacks/@xpack-dev-tools/arm-none-eabi-gcc/11.3.1-1.1.2/.content/bin/../lib/gcc/arm-none-eabi/11.3.1/../../../../arm-none-eabi/lib/thumb/v7e-m/nofp\libg_nano.a(libc_a-sprintf.o)
                              c:/users/malep/appdata/roaming/xpacks/@xpack-dev-tools/arm-none-eabi-gcc/11.3.1-1.1.2/.content/bin/../lib/gcc/arm-none-eabi/11.3.1/../../../../arm-none-eabi/lib/thumb/v7e-m/nofp\libg_nano.a(libc_a-nano-vfscanf_float.o) (sprintf)
c:/users/malep/appdata/roaming/xpacks/@xpack-dev-tools/arm-none-eabi-gcc/11.3.1-1.1.2/.content/bin/../lib/gcc/arm-none-eabi/11.3.1/../../../../arm-none-eabi/lib/thumb/v7e-m/nofp\libg_nano.a(libc_a-vsnprintf.o)
                              ./system/src/diag/trace.o (vsnprintf)
[...]
Memory Configuration

Name             Origin             Length             Attributes
RAM              0x0000000020000000 0x0000000000030000 xrw
CCMRAM           0x0000000010000000 0x0000000000010000 xrw
FLASH            0x0000000008000000 0x0000000000200000 xr
FLASHB1          0x0000000000000000 0x0000000000000000 xr
EXTMEMB0         0x0000000000000000 0x0000000000000000 xr
EXTMEMB1         0x0000000000000000 0x0000000000000000 xr
EXTMEMB2         0x0000000000000000 0x0000000000000000 xr
EXTMEMB3         0x0000000000000000 0x0000000000000000 xr
MEMORY_ARRAY     0x0000000020002000 0x0000000000000020 xrw
*default*        0x0000000000000000 0xffffffffffffffff

Linker script and memory map

LOAD ./system/src/stm32f4-hal/stm32f4xx_hal.o
LOAD ./system/src/stm32f4-hal/stm32f4xx_hal_cortex.o
LOAD ./system/src/stm32f4-hal/stm32f4xx_hal_flash.o
LOAD ./system/src/stm32f4-hal/stm32f4xx_hal_flash_ex.o
LOAD ./system/src/stm32f4-hal/stm32f4xx_hal_flash_ramfunc.o
LOAD ./system/src/stm32f4-hal/stm32f4xx_hal_gpio.o
LOAD ./system/src/stm32f4-hal/stm32f4xx_hal_iwdg.o
LOAD ./system/src/stm32f4-hal/stm32f4xx_hal_pwr.o
LOAD ./system/src/stm32f4-hal/stm32f4xx_hal_rcc.o
LOAD ./system/src/newlib/assert.o
LOAD ./system/src/newlib/cxx.o
LOAD ./system/src/newlib/exit.o
LOAD ./system/src/newlib/sbrk.o
LOAD ./system/src/newlib/startup.o
LOAD ./system/src/newlib/syscalls.o
LOAD ./system/src/diag/trace-impl.o
LOAD ./system/src/diag/trace.o
LOAD ./system/src/cortexm/exception-handlers.o
LOAD ./system/src/cortexm/initialize-hardware.o
LOAD ./system/src/cortexm/reset-hardware.o
LOAD ./system/src/cmsis/system_stm32f4xx.o
LOAD ./system/src/cmsis/vectors_stm32f429xx.o
LOAD ./src/initialize-hardware.o
LOAD ./src/kalman_filter.o
LOAD ./src/led.o
LOAD ./src/main.o
LOAD ./src/stm32f4xx_hal_msp.o
LOAD ./src/timer.o
LOAD ./src/write.o
LOAD ../lib\libarm_cortexM4l_math.a
LOAD c:/users/malep/appdata/roaming/xpacks/@xpack-dev-tools/arm-none-eabi-gcc/11.3.1-1.1.2/.content/bin/../lib/gcc/arm-none-eabi/11.3.1/../../../../arm-none-eabi/lib/thumb/v7e-m/nofp\libstdc++_nano.a
LOAD c:/users/malep/appdata/roaming/xpacks/@xpack-dev-tools/arm-none-eabi-gcc/11.3.1-1.1.2/.content/bin/../lib/gcc/arm-none-eabi/11.3.1/../../../../arm-none-eabi/lib/thumb/v7e-m/nofp\libm.a
START GROUP
LOAD c:/users/malep/appdata/roaming/xpacks/@xpack-dev-tools/arm-none-eabi-gcc/11.3.1-1.1.2/.content/bin/../lib/gcc/arm-none-eabi/11.3.1/thumb/v7e-m/nofp\libgcc.a
LOAD c:/users/malep/appdata/roaming/xpacks/@xpack-dev-tools/arm-none-eabi-gcc/11.3.1-1.1.2/.content/bin/../lib/gcc/arm-none-eabi/11.3.1/../../../../arm-none-eabi/lib/thumb/v7e-m/nofp\libg_nano.a
LOAD c:/users/malep/appdata/roaming/xpacks/@xpack-dev-tools/arm-none-eabi-gcc/11.3.1-1.1.2/.content/bin/../lib/gcc/arm-none-eabi/11.3.1/../../../../arm-none-eabi/lib/thumb/v7e-m/nofp\libc_nano.a
END GROUP
START GROUP
LOAD c:/users/malep/appdata/roaming/xpacks/@xpack-dev-tools/arm-none-eabi-gcc/11.3.1-1.1.2/.content/bin/../lib/gcc/arm-none-eabi/11.3.1/thumb/v7e-m/nofp\libgcc.a
LOAD c:/users/malep/appdata/roaming/xpacks/@xpack-dev-tools/arm-none-eabi-gcc/11.3.1-1.1.2/.content/bin/../lib/gcc/arm-none-eabi/11.3.1/../../../../arm-none-eabi/lib/thumb/v7e-m/nofp\libc_nano.a
END GROUP
                0x0000000020030000                __stack = (ORIGIN (RAM) + LENGTH (RAM))
                0x0000000020030000                _estack = __stack
                0x0000000000000400                __Main_Stack_Size = 0x400
                [!provide]                        PROVIDE (_Main_Stack_Size = __Main_Stack_Size)
                0x000000002002fc00                __Main_Stack_Limit = (__stack - __Main_Stack_Size)
                [!provide]                        PROVIDE (_Main_Stack_Limit = __Main_Stack_Limit)
                0x0000000000000100                _Minimum_Stack_Size = 0x100
                0x0000000020000280                PROVIDE (_Heap_Begin = _end_noinit)
                0x000000002002fc00                PROVIDE (_Heap_Limit = (__stack - __Main_Stack_Size))

.isr_vector     0x0000000008000000      0x40c
 FILL mask 0xff
                0x0000000008000000                __vectors_start = ABSOLUTE (.)
                0x0000000008000000                __vectors_start__ = ABSOLUTE (.)
 *(.isr_vector)
 .isr_vector    0x0000000008000000      0x1ac ./system/src/cmsis/vectors_stm32f429xx.o
                0x0000000008000000                __isr_vectors
 *(.cfmconfig)
 *(.after_vectors .after_vectors.*)
 .after_vectors
                0x00000000080001ac      0x130 ./system/src/newlib/startup.o
                0x00000000080001ac                _start
 .after_vectors
                0x00000000080002dc      0x12c ./system/src/cortexm/exception-handlers.o
                0x00000000080002dc                Reset_Handler
                0x00000000080002e2                NMI_Handler
                0x00000000080002e6                HardFault_Handler
                0x00000000080002fa                HardFault_Handler_C
                0x0000000008000358                MemManage_Handler
                0x000000000800035c                BusFault_Handler
                0x0000000008000370                BusFault_Handler_C
                0x00000000080003a4                UsageFault_Handler
                0x00000000080003b8                UsageFault_Handler_C
                0x00000000080003ec                SVC_Handler
                0x00000000080003f0                DebugMon_Handler
                0x00000000080003f4                PendSV_Handler
 .after_vectors
                0x0000000008000408        0x4 ./system/src/cmsis/vectors_stm32f429xx.o
                0x0000000008000408                RTC_Alarm_IRQHandler
                0x0000000008000408                HASH_RNG_IRQHandler
                0x0000000008000408                EXTI2_IRQHandler
                0x0000000008000408                TIM8_CC_IRQHandler
                0x0000000008000408                UART8_IRQHandler
                0x0000000008000408                SPI4_IRQHandler
                0x0000000008000408                TIM1_CC_IRQHandler
                0x0000000008000408                DMA2_Stream5_IRQHandler
                0x0000000008000408                DMA1_Stream5_IRQHandler
                0x0000000008000408                PVD_IRQHandler
                0x0000000008000408                SDIO_IRQHandler
                0x0000000008000408                TAMP_STAMP_IRQHandler
                0x0000000008000408                CAN2_RX1_IRQHandler
                0x0000000008000408                EXTI3_IRQHandler
                0x0000000008000408                TIM8_TRG_COM_TIM14_IRQHandler
                0x0000000008000408                TIM1_UP_TIM10_IRQHandler
                0x0000000008000408                TIM8_UP_TIM13_IRQHandler
                0x0000000008000408                I2C3_ER_IRQHandler
                0x0000000008000408                EXTI0_IRQHandler
                0x0000000008000408                I2C2_EV_IRQHandler
                0x0000000008000408                DMA1_Stream2_IRQHandler
                0x0000000008000408                CAN1_RX0_IRQHandler
                0x0000000008000408                FPU_IRQHandler
                0x0000000008000408                OTG_HS_WKUP_IRQHandler
                0x0000000008000408                LTDC_ER_IRQHandler
                0x0000000008000408                CAN2_SCE_IRQHandler
                0x0000000008000408                DMA2_Stream2_IRQHandler
                0x0000000008000408                SPI1_IRQHandler
                0x0000000008000408                TIM6_DAC_IRQHandler
                0x0000000008000408                TIM1_BRK_TIM9_IRQHandler
                0x0000000008000408                DCMI_IRQHandler
                0x0000000008000408                CAN2_RX0_IRQHandler
                0x0000000008000408                DMA2_Stream3_IRQHandler
                0x0000000008000408                USART6_IRQHandler
                0x0000000008000408                USART3_IRQHandler
                0x0000000008000408                CAN1_RX1_IRQHandler
                0x0000000008000408                UART5_IRQHandler
                0x0000000008000408                DMA2_Stream0_IRQHandler
                0x0000000008000408                TIM4_IRQHandler
                0x0000000008000408                I2C1_EV_IRQHandler
                0x0000000008000408                DMA1_Stream6_IRQHandler
                0x0000000008000408                DMA1_Stream1_IRQHandler
                0x0000000008000408                UART4_IRQHandler
                0x0000000008000408                TIM3_IRQHandler
                0x0000000008000408                RCC_IRQHandler
                0x0000000008000408                TIM8_BRK_TIM12_IRQHandler
                0x0000000008000408                Default_Handler
                0x0000000008000408                EXTI15_10_IRQHandler
                0x0000000008000408                ADC_IRQHandler
                0x0000000008000408                DMA1_Stream7_IRQHandler
                0x0000000008000408                SPI5_IRQHandler
                0x0000000008000408                TIM7_IRQHandler
                0x0000000008000408                CAN2_TX_IRQHandler
                0x0000000008000408                TIM5_IRQHandler
                0x0000000008000408                DMA2_Stream7_IRQHandler
                0x0000000008000408                I2C3_EV_IRQHandler
                0x0000000008000408                EXTI9_5_IRQHandler
                0x0000000008000408                RTC_WKUP_IRQHandler
                0x0000000008000408                LTDC_IRQHandler
                0x0000000008000408                ETH_WKUP_IRQHandler
                0x0000000008000408                SPI2_IRQHandler
                0x0000000008000408                OTG_HS_EP1_IN_IRQHandler
                0x0000000008000408                DMA1_Stream0_IRQHandler
                0x0000000008000408                CAN1_TX_IRQHandler
                0x0000000008000408                EXTI4_IRQHandler
                0x0000000008000408                ETH_IRQHandler
                0x0000000008000408                OTG_HS_EP1_OUT_IRQHandler
                0x0000000008000408                WWDG_IRQHandler
                0x0000000008000408                SPI6_IRQHandler
                0x0000000008000408                TIM2_IRQHandler
                0x0000000008000408                OTG_FS_WKUP_IRQHandler
                0x0000000008000408                TIM1_TRG_COM_TIM11_IRQHandler
                0x0000000008000408                OTG_HS_IRQHandler
                0x0000000008000408                DMA2D_IRQHandler
                0x0000000008000408                EXTI1_IRQHandler
                0x0000000008000408                UART7_IRQHandler
                0x0000000008000408                USART2_IRQHandler
                0x0000000008000408                I2C2_ER_IRQHandler
                0x0000000008000408                DMA2_Stream1_IRQHandler
                0x0000000008000408                CAN1_SCE_IRQHandler
                0x0000000008000408                FLASH_IRQHandler
                0x0000000008000408                DMA2_Stream4_IRQHandler
                0x0000000008000408                USART1_IRQHandler
                0x0000000008000408                OTG_FS_IRQHandler
                0x0000000008000408                SPI3_IRQHandler
                0x0000000008000408                DMA1_Stream4_IRQHandler
                0x0000000008000408                I2C1_ER_IRQHandler
                0x0000000008000408                FMC_IRQHandler
                0x0000000008000408                DMA2_Stream6_IRQHandler
                0x0000000008000408                SAI1_IRQHandler
                0x0000000008000408                DMA1_Stream3_IRQHandler

.inits          0x000000000800040c       0x28
                0x000000000800040c                __data_regions_array_start = .
                0x000000000800040c        0x4 LONG 0x8007938 LOADADDR (.data)
                0x0000000008000410        0x4 LONG 0x20000000 ADDR (.data)
                0x0000000008000414        0x4 LONG 0x200001d8 (ADDR (.data) + SIZEOF (.data))
                0x0000000008000418        0x4 LONG 0x8007938 LOADADDR (.data_CCMRAM)
                0x000000000800041c        0x4 LONG 0x10000000 ADDR (.data_CCMRAM)
                0x0000000008000420        0x4 LONG 0x10000000 (ADDR (.data_CCMRAM) + SIZEOF (.data_CCMRAM))
                0x0000000008000424                __data_regions_array_end = .
                0x0000000008000424                __bss_regions_array_start = .
                0x0000000008000424        0x4 LONG 0x200001d8 ADDR (.bss)
                0x0000000008000428        0x4 LONG 0x20000280 (ADDR (.bss) + SIZEOF (.bss))
                0x000000000800042c        0x4 LONG 0x10000000 ADDR (.bss_CCMRAM)
                0x0000000008000430        0x4 LONG 0x10000000 (ADDR (.bss_CCMRAM) + SIZEOF (.bss_CCMRAM))
                0x0000000008000434                __bss_regions_array_end = .
 *(.init)
 *(.fini)
                0x0000000008000434                . = ALIGN (0x4)
                0x0000000008000434                PROVIDE (__preinit_array_start = .)
 *(.preinit_array_sysinit .preinit_array_sysinit.*)
 *(.preinit_array_platform .preinit_array_platform.*)
 *(.preinit_array .preinit_array.*)
                0x0000000008000434                PROVIDE (__preinit_array_end = .)
                0x0000000008000434                . = ALIGN (0x4)
                0x0000000008000434                PROVIDE (__init_array_start = .)
 *(SORT_BY_NAME(.init_array.*))
 *(.init_array)
                0x0000000008000434                PROVIDE (__init_array_end = .)
                0x0000000008000434                . = ALIGN (0x4)
                0x0000000008000434                PROVIDE (__fini_array_start = .)
 *(SORT_BY_NAME(.fini_array.*))
 *(.fini_array)
                0x0000000008000434                PROVIDE (__fini_array_end = .)

.flashtext
 *(.flashtext .flashtext.*)

.text           0x0000000008000440     0x74ed
 *(.text .text.*)
 .text.HAL_InitTick
                0x0000000008000440       0x4c ./system/src/stm32f4-hal/stm32f4xx_hal.o
                0x0000000008000440                HAL_InitTick
 .text.HAL_Init
                0x000000000800048c       0x34 ./system/src/stm32f4-hal/stm32f4xx_hal.o
                0x000000000800048c                HAL_Init
 .text.HAL_IncTick
                0x00000000080004c0       0x18 ./system/src/stm32f4-hal/stm32f4xx_hal.o
                0x00000000080004c0                HAL_IncTick
 .text.HAL_GetTick
                0x00000000080004d8        0xc ./system/src/stm32f4-hal/stm32f4xx_hal.o
                0x00000000080004d8                HAL_GetTick
 .text.HAL_NVIC_SetPriorityGrouping
                0x00000000080004e4       0x3c ./system/src/stm32f4-hal/stm32f4xx_hal_cortex.o
                0x00000000080004e4                HAL_NVIC_SetPriorityGrouping
 .text.HAL_NVIC_SetPriority
                0x0000000008000520       0x8c ./system/src/stm32f4-hal/stm32f4xx_hal_cortex.o
                0x0000000008000520                HAL_NVIC_SetPriority
 .text.HAL_SYSTICK_Config
                0x00000000080005ac       0x28 ./system/src/stm32f4-hal/stm32f4xx_hal_cortex.o
                0x00000000080005ac                HAL_SYSTICK_Config
 .text.HAL_SYSTICK_CLKSourceConfig
                0x00000000080005d4       0x3c ./system/src/stm32f4-hal/stm32f4xx_hal_cortex.o
                0x00000000080005d4                HAL_SYSTICK_CLKSourceConfig
 .text.HAL_RCC_OscConfig
                0x0000000008000610      0x4f8 ./system/src/stm32f4-hal/stm32f4xx_hal_rcc.o
                0x0000000008000610                HAL_RCC_OscConfig
 .text.HAL_RCC_GetSysClockFreq
                0x0000000008000b08       0xdc ./system/src/stm32f4-hal/stm32f4xx_hal_rcc.o
                0x0000000008000b08                HAL_RCC_GetSysClockFreq
 .text.HAL_RCC_ClockConfig
                0x0000000008000be4      0x224 ./system/src/stm32f4-hal/stm32f4xx_hal_rcc.o
                0x0000000008000be4                HAL_RCC_ClockConfig
 .text.HAL_RCC_GetHCLKFreq
                0x0000000008000e08        0xc ./system/src/stm32f4-hal/stm32f4xx_hal_rcc.o
                0x0000000008000e08                HAL_RCC_GetHCLKFreq
 .text.__assert_func
                0x0000000008000e14       0x38 ./system/src/newlib/assert.o
                0x0000000008000e14                __assert_func
 .text._exit    0x0000000008000e4c        0x2 ./system/src/newlib/exit.o
                0x0000000008000e4c                _exit
 *fill*         0x0000000008000e4e        0x2 
 .text.abort    0x0000000008000e50       0x14 ./system/src/newlib/exit.o
                0x0000000008000e50                abort
 .text._sbrk    0x0000000008000e64       0x44 ./system/src/newlib/sbrk.o
                0x0000000008000e64                _sbrk
 .text.__initialize_args
                0x0000000008000ea8       0x10 ./system/src/newlib/syscalls.o
                0x0000000008000ea8                __initialize_args
 .text._trace_write_semihosting_debug
                0x0000000008000eb8       0x62 ./system/src/diag/trace-impl.o
 .text.trace_write
                0x0000000008000f1a        0x8 ./system/src/diag/trace-impl.o
                0x0000000008000f1a                trace_write
 *fill*         0x0000000008000f22        0x2 
 .text.trace_printf
                0x0000000008000f24       0x34 ./system/src/diag/trace.o
                0x0000000008000f24                trace_printf
 .text.trace_puts
                0x0000000008000f58       0x20 ./system/src/diag/trace.o
                0x0000000008000f58                trace_puts
 .text.dumpExceptionStack
                0x0000000008000f78       0xf4 ./system/src/cortexm/exception-handlers.o
                0x0000000008000f78                dumpExceptionStack
 .text.isSemihosting
                0x000000000800106c       0x20 ./system/src/cortexm/exception-handlers.o
                0x000000000800106c                isSemihosting
 .text.__initialize_hardware_early
                0x000000000800108c       0x18 ./system/src/cortexm/initialize-hardware.o
                0x000000000800108c                __initialize_hardware_early
 .text.SystemInit
                0x00000000080010a4       0x10 ./system/src/cmsis/system_stm32f4xx.o
                0x00000000080010a4                SystemInit
 .text.SystemCoreClockUpdate
                0x00000000080010b4       0xa0 ./system/src/cmsis/system_stm32f4xx.o
                0x00000000080010b4                SystemCoreClockUpdate
 .text.SystemClock_Config
                0x0000000008001154       0xa0 ./src/initialize-hardware.o
                0x0000000008001154                SystemClock_Config
 .text.__initialize_hardware
                0x00000000080011f4       0x10 ./src/initialize-hardware.o
                0x00000000080011f4                __initialize_hardware
 .text.assert_failed
                0x0000000008001204       0x14 ./src/initialize-hardware.o
                0x0000000008001204                assert_failed
 .text.init_kalman_filter
                0x0000000008001218       0xa2 ./src/kalman_filter.o
                0x0000000008001218                init_kalman_filter
 .text.predict_kalman_filter
                0x00000000080012ba      0x11a ./src/kalman_filter.o
                0x00000000080012ba                predict_kalman_filter
 .text.correct_kalman_filter
                0x00000000080013d4      0x400 ./src/kalman_filter.o
                0x00000000080013d4                correct_kalman_filter
 .text.print_matrix
                0x00000000080017d4       0xb0 ./src/main.o
                0x00000000080017d4                print_matrix
 .text.main     0x0000000008001884      0x168 ./src/main.o
                0x0000000008001884                main
 .text.HAL_MspInit
                0x00000000080019ec        0x2 ./src/stm32f4xx_hal_msp.o
                0x00000000080019ec                HAL_MspInit
 *fill*         0x00000000080019ee        0x2 
 .text.timer_tick
                0x00000000080019f0       0x14 ./src/timer.o
                0x00000000080019f0                timer_tick
 .text.SysTick_Handler
                0x0000000008001a04        0xc ./src/timer.o
                0x0000000008001a04                SysTick_Handler
 .text.arm_mat_trans_f32
                0x0000000008001a10       0xb0 ../lib\libarm_cortexM4l_math.a(arm_mat_trans_f32.o)
                0x0000000008001a10                arm_mat_trans_f32
 .text.arm_mat_sub_f32
                0x0000000008001ac0       0xe4 ../lib\libarm_cortexM4l_math.a(arm_mat_sub_f32.o)
                0x0000000008001ac0                arm_mat_sub_f32
 .text.arm_mat_mult_f32
                0x0000000008001ba4      0x168 ../lib\libarm_cortexM4l_math.a(arm_mat_mult_f32.o)
                0x0000000008001ba4                arm_mat_mult_f32
 .text.arm_mat_inverse_f32
                0x0000000008001d0c      0x240 ../lib\libarm_cortexM4l_math.a(arm_mat_inverse_f32.o)
                0x0000000008001d0c                arm_mat_inverse_f32
 .text.arm_mat_init_f32
                0x0000000008001f4c        0x8 ../lib\libarm_cortexM4l_math.a(arm_mat_init_f32.o)
                0x0000000008001f4c                arm_mat_init_f32
 .text.arm_mat_add_f32
                0x0000000008001f54       0xe4 ../lib\libarm_cortexM4l_math.a(arm_mat_add_f32.o)
                0x0000000008001f54                arm_mat_add_f32
 .text          0x0000000008002038      0x378 c:/users/malep/appdata/roaming/xpacks/@xpack-dev-tools/arm-none-eabi-gcc/11.3.1-1.1.2/.content/bin/../lib/gcc/arm-none-eabi/11.3.1/thumb/v7e-m/nofp\libgcc.a(_arm_addsubdf3.o)
                0x0000000008002038                __aeabi_drsub
                0x0000000008002040                __aeabi_dsub
                0x0000000008002040                __subdf3
                0x0000000008002044                __aeabi_dadd
                0x0000000008002044                __adddf3
                0x00000000080022bc                __floatunsidf
                0x00000000080022bc                __aeabi_ui2d
                0x00000000080022dc                __floatsidf
                0x00000000080022dc                __aeabi_i2d
                0x0000000008002300                __aeabi_f2d
                0x0000000008002300                __extendsfdf2
                0x0000000008002344                __floatundidf
                0x0000000008002344                __aeabi_ul2d
                0x0000000008002354                __floatdidf
                0x0000000008002354                __aeabi_l2d
 .text          0x00000000080023b0      0x21c c:/users/malep/appdata/roaming/xpacks/@xpack-dev-tools/arm-none-eabi-gcc/11.3.1-1.1.2/.content/bin/../lib/gcc/arm-none-eabi/11.3.1/thumb/v7e-m/nofp\libgcc.a(_arm_addsubsf3.o)
                0x00000000080023b0                __aeabi_frsub
                0x00000000080023b8                __subsf3
                0x00000000080023b8                __aeabi_fsub
                0x00000000080023bc                __aeabi_fadd
                0x00000000080023bc                __addsf3
                0x000000000800251c                __aeabi_ui2f
                0x000000000800251c                __floatunsisf
                0x0000000008002524                __aeabi_i2f
                0x0000000008002524                __floatsisf
                0x0000000008002540                __aeabi_ul2f
                0x0000000008002540                __floatundisf
                0x0000000008002550                __aeabi_l2f
                0x0000000008002550                __floatdisf
 .text          0x00000000080025cc      0x2a0 c:/users/malep/appdata/roaming/xpacks/@xpack-dev-tools/arm-none-eabi-gcc/11.3.1-1.1.2/.content/bin/../lib/gcc/arm-none-eabi/11.3.1/thumb/v7e-m/nofp\libgcc.a(_arm_muldivsf3.o)
                0x00000000080025cc                __mulsf3
                0x00000000080025cc                __aeabi_fmul
                0x0000000008002734                __aeabi_fdiv
                0x0000000008002734                __divsf3
 .text          0x000000000800286c       0xec c:/users/malep/appdata/roaming/xpacks/@xpack-dev-tools/arm-none-eabi-gcc/11.3.1-1.1.2/.content/bin/../lib/gcc/arm-none-eabi/11.3.1/thumb/v7e-m/nofp\libgcc.a(_arm_cmpsf2.o)
                0x000000000800286c                __gesf2
                0x000000000800286c                __gtsf2
                0x0000000008002874                __lesf2
                0x0000000008002874                __ltsf2
                0x000000000800287c                __nesf2
                0x000000000800287c                __eqsf2
                0x000000000800287c                __cmpsf2
                0x00000000080028dc                __aeabi_cfrcmple
                0x00000000080028e4                __aeabi_cfcmpeq
                0x00000000080028e4                __aeabi_cfcmple
                0x00000000080028f4                __aeabi_fcmpeq
                0x0000000008002908                __aeabi_fcmplt
                0x000000000800291c                __aeabi_fcmple
                0x0000000008002930                __aeabi_fcmpge
                0x0000000008002944                __aeabi_fcmpgt
 .text          0x0000000008002958       0x30 c:/users/malep/appdata/roaming/xpacks/@xpack-dev-tools/arm-none-eabi-gcc/11.3.1-1.1.2/.content/bin/../lib/gcc/arm-none-eabi/11.3.1/thumb/v7e-m/nofp\libgcc.a(_aeabi_uldivmod.o)
                0x0000000008002958                __aeabi_uldivmod
 .text.__udivmoddi4
                0x0000000008002988      0x2c8 c:/users/malep/appdata/roaming/xpacks/@xpack-dev-tools/arm-none-eabi-gcc/11.3.1-1.1.2/.content/bin/../lib/gcc/arm-none-eabi/11.3.1/thumb/v7e-m/nofp\libgcc.a(_udivmoddi4.o)
                0x0000000008002988                __udivmoddi4
 .text          0x0000000008002c50        0x4 c:/users/malep/appdata/roaming/xpacks/@xpack-dev-tools/arm-none-eabi-gcc/11.3.1-1.1.2/.content/bin/../lib/gcc/arm-none-eabi/11.3.1/thumb/v7e-m/nofp\libgcc.a(_dvmd_tls.o)
                0x0000000008002c50                __aeabi_idiv0
                0x0000000008002c50                __aeabi_ldiv0
 .text.__cvt    0x0000000008002c54       0xc0 c:/users/malep/appdata/roaming/xpacks/@xpack-dev-tools/arm-none-eabi-gcc/11.3.1-1.1.2/.content/bin/../lib/gcc/arm-none-eabi/11.3.1/../../../../arm-none-eabi/lib/thumb/v7e-m/nofp\libg_nano.a(libc_a-nano-vfprintf_float.o)
                0x0000000008002c54                __cvt
 .text.__exponent
                0x0000000008002d14       0x7c c:/users/malep/appdata/roaming/xpacks/@xpack-dev-tools/arm-none-eabi-gcc/11.3.1-1.1.2/.content/bin/../lib/gcc/arm-none-eabi/11.3.1/../../../../arm-none-eabi/lib/thumb/v7e-m/nofp\libg_nano.a(libc_a-nano-vfprintf_float.o)
                0x0000000008002d14                __exponent
 .text._printf_float
                0x0000000008002d90      0x458 c:/users/malep/appdata/roaming/xpacks/@xpack-dev-tools/arm-none-eabi-gcc/11.3.1-1.1.2/.content/bin/../lib/gcc/arm-none-eabi/11.3.1/../../../../arm-none-eabi/lib/thumb/v7e-m/nofp\libg_nano.a(libc_a-nano-vfprintf_float.o)
                0x0000000008002d90                _printf_float
 .text._printf_common
                0x00000000080031e8       0xda c:/users/malep/appdata/roaming/xpacks/@xpack-dev-tools/arm-none-eabi-gcc/11.3.1-1.1.2/.content/bin/../lib/gcc/arm-none-eabi/11.3.1/../../../../arm-none-eabi/lib/thumb/v7e-m/nofp\libg_nano.a(libc_a-nano-vfprintf_i.o)
                0x00000000080031e8                _printf_common
 *fill*         0x00000000080032c2        0x2 
 .text._printf_i
                0x00000000080032c4      0x244 c:/users/malep/appdata/roaming/xpacks/@xpack-dev-tools/arm-none-eabi-gcc/11.3.1-1.1.2/.content/bin/../lib/gcc/arm-none-eabi/11.3.1/../../../../arm-none-eabi/lib/thumb/v7e-m/nofp\libg_nano.a(libc_a-nano-vfprintf_i.o)
                0x00000000080032c4                _printf_i
 .text._scanf_float
                0x0000000008003508      0x418 c:/users/malep/appdata/roaming/xpacks/@xpack-dev-tools/arm-none-eabi-gcc/11.3.1-1.1.2/.content/bin/../lib/gcc/arm-none-eabi/11.3.1/../../../../arm-none-eabi/lib/thumb/v7e-m/nofp\libg_nano.a(libc_a-nano-vfscanf_float.o)
                0x0000000008003508                _scanf_float
 .text.sprintf  0x0000000008003920       0x40 c:/users/malep/appdata/roaming/xpacks/@xpack-dev-tools/arm-none-eabi-gcc/11.3.1-1.1.2/.content/bin/../lib/gcc/arm-none-eabi/11.3.1/../../../../arm-none-eabi/lib/thumb/v7e-m/nofp\libg_nano.a(libc_a-sprintf.o)
                0x0000000008003920                siprintf
                0x0000000008003920                sprintf
 .text._vsnprintf_r
                0x0000000008003960       0x56 c:/users/malep/appdata/roaming/xpacks/@xpack-dev-tools/arm-none-eabi-gcc/11.3.1-1.1.2/.content/bin/../lib/gcc/arm-none-eabi/11.3.1/../../../../arm-none-eabi/lib/thumb/v7e-m/nofp\libg_nano.a(libc_a-vsnprintf.o)
                0x0000000008003960                _vsniprintf_r
                0x0000000008003960                _vsnprintf_r
 *fill*         0x00000000080039b6        0x2 
 .text.vsnprintf
                0x00000000080039b8       0x1c c:/users/malep/appdata/roaming/xpacks/@xpack-dev-tools/arm-none-eabi-gcc/11.3.1-1.1.2/.content/bin/../lib/gcc/arm-none-eabi/11.3.1/../../../../arm-none-eabi/lib/thumb/v7e-m/nofp\libg_nano.a(libc_a-vsnprintf.o)
                0x00000000080039b8                vsniprintf
                0x00000000080039b8                vsnprintf
 .text.memset   0x00000000080039d4       0x10 c:/users/malep/appdata/roaming/xpacks/@xpack-dev-tools/arm-none-eabi-gcc/11.3.1-1.1.2/.content/bin/../lib/gcc/arm-none-eabi/11.3.1/../../../../arm-none-eabi/lib/thumb/v7e-m/nofp\libg_nano.a(libc_a-memset.o)
                0x00000000080039d4                memset
 .text._localeconv_r
                0x00000000080039e4        0x8 c:/users/malep/appdata/roaming/xpacks/@xpack-dev-tools/arm-none-eabi-gcc/11.3.1-1.1.2/.content/bin/../lib/gcc/arm-none-eabi/11.3.1/../../../../arm-none-eabi/lib/thumb/v7e-m/nofp\libg_nano.a(libc_a-localeconv.o)
                0x00000000080039e4                _localeconv_r
 .text.__errno  0x00000000080039ec        0xc c:/users/malep/appdata/roaming/xpacks/@xpack-dev-tools/arm-none-eabi-gcc/11.3.1-1.1.2/.content/bin/../lib/gcc/arm-none-eabi/11.3.1/../../../../arm-none-eabi/lib/thumb/v7e-m/nofp\libg_nano.a(libc_a-errno.o)
                0x00000000080039ec                __errno
 *fill*         0x00000000080039f8        0x8 
 .text          0x0000000008003a00       0xa0 c:/users/malep/appdata/roaming/xpacks/@xpack-dev-tools/arm-none-eabi-gcc/11.3.1-1.1.2/.content/bin/../lib/gcc/arm-none-eabi/11.3.1/../../../../arm-none-eabi/lib/thumb/v7e-m/nofp\libg_nano.a(libc_a-memchr.o)
                0x0000000008003a00                memchr
 .text          0x0000000008003aa0       0x10 c:/users/malep/appdata/roaming/xpacks/@xpack-dev-tools/arm-none-eabi-gcc/11.3.1-1.1.2/.content/bin/../lib/gcc/arm-none-eabi/11.3.1/../../../../arm-none-eabi/lib/thumb/v7e-m/nofp\libg_nano.a(libc_a-strlen.o)
                0x0000000008003aa0                strlen
 .text.nanf     0x0000000008003ab0        0x8 c:/users/malep/appdata/roaming/xpacks/@xpack-dev-tools/arm-none-eabi-gcc/11.3.1-1.1.2/.content/bin/../lib/gcc/arm-none-eabi/11.3.1/../../../../arm-none-eabi/lib/thumb/v7e-m/nofp\libg_nano.a(libm_a-sf_nan.o)
                0x0000000008003ab0                nanf
 .text.quorem   0x0000000008003ab8      0x10a c:/users/malep/appdata/roaming/xpacks/@xpack-dev-tools/arm-none-eabi-gcc/11.3.1-1.1.2/.content/bin/../lib/gcc/arm-none-eabi/11.3.1/../../../../arm-none-eabi/lib/thumb/v7e-m/nofp\libg_nano.a(libc_a-dtoa.o)
 *fill*         0x0000000008003bc2        0x6 
 .text._dtoa_r  0x0000000008003bc8      0xbc0 c:/users/malep/appdata/roaming/xpacks/@xpack-dev-tools/arm-none-eabi-gcc/11.3.1-1.1.2/.content/bin/../lib/gcc/arm-none-eabi/11.3.1/../../../../arm-none-eabi/lib/thumb/v7e-m/nofp\libg_nano.a(libc_a-dtoa.o)
                0x0000000008003bc8                _dtoa_r
 .text.malloc   0x0000000008004788       0x10 c:/users/malep/appdata/roaming/xpacks/@xpack-dev-tools/arm-none-eabi-gcc/11.3.1-1.1.2/.content/bin/../lib/gcc/arm-none-eabi/11.3.1/../../../../arm-none-eabi/lib/thumb/v7e-m/nofp\libg_nano.a(libc_a-malloc.o)
                0x0000000008004788                malloc
 .text.sbrk_aligned
                0x0000000008004798       0x40 c:/users/malep/appdata/roaming/xpacks/@xpack-dev-tools/arm-none-eabi-gcc/11.3.1-1.1.2/.content/bin/../lib/gcc/arm-none-eabi/11.3.1/../../../../arm-none-eabi/lib/thumb/v7e-m/nofp\libg_nano.a(libc_a-mallocr.o)
 .text._malloc_r
                0x00000000080047d8       0xec c:/users/malep/appdata/roaming/xpacks/@xpack-dev-tools/arm-none-eabi-gcc/11.3.1-1.1.2/.content/bin/../lib/gcc/arm-none-eabi/11.3.1/../../../../arm-none-eabi/lib/thumb/v7e-m/nofp\libg_nano.a(libc_a-mallocr.o)
                0x00000000080047d8                _malloc_r
 .text.__malloc_lock
                0x00000000080048c4        0xc c:/users/malep/appdata/roaming/xpacks/@xpack-dev-tools/arm-none-eabi-gcc/11.3.1-1.1.2/.content/bin/../lib/gcc/arm-none-eabi/11.3.1/../../../../arm-none-eabi/lib/thumb/v7e-m/nofp\libg_nano.a(libc_a-mlock.o)
                0x00000000080048c4                __malloc_lock
 .text.__malloc_unlock
                0x00000000080048d0        0xc c:/users/malep/appdata/roaming/xpacks/@xpack-dev-tools/arm-none-eabi-gcc/11.3.1-1.1.2/.content/bin/../lib/gcc/arm-none-eabi/11.3.1/../../../../arm-none-eabi/lib/thumb/v7e-m/nofp\libg_nano.a(libc_a-mlock.o)
                0x00000000080048d0                __malloc_unlock
 .text._Balloc  0x00000000080048dc       0x80 c:/users/malep/appdata/roaming/xpacks/@xpack-dev-tools/arm-none-eabi-gcc/11.3.1-1.1.2/.content/bin/../lib/gcc/arm-none-eabi/11.3.1/../../../../arm-none-eabi/lib/thumb/v7e-m/nofp\libg_nano.a(libc_a-mprec.o)
                0x00000000080048dc                _Balloc
 .text._Bfree   0x000000000800495c       0x44 c:/users/malep/appdata/roaming/xpacks/@xpack-dev-tools/arm-none-eabi-gcc/11.3.1-1.1.2/.content/bin/../lib/gcc/arm-none-eabi/11.3.1/../../../../arm-none-eabi/lib/thumb/v7e-m/nofp\libg_nano.a(libc_a-mprec.o)
                0x000000000800495c                _Bfree
 .text.__multadd
                0x00000000080049a0       0x8c c:/users/malep/appdata/roaming/xpacks/@xpack-dev-tools/arm-none-eabi-gcc/11.3.1-1.1.2/.content/bin/../lib/gcc/arm-none-eabi/11.3.1/../../../../arm-none-eabi/lib/thumb/v7e-m/nofp\libg_nano.a(libc_a-mprec.o)
                0x00000000080049a0                __multadd
 .text.__s2b    0x0000000008004a2c       0x94 c:/users/malep/appdata/roaming/xpacks/@xpack-dev-tools/arm-none-eabi-gcc/11.3.1-1.1.2/.content/bin/../lib/gcc/arm-none-eabi/11.3.1/../../../../arm-none-eabi/lib/thumb/v7e-m/nofp\libg_nano.a(libc_a-mprec.o)
                0x0000000008004a2c                __s2b
 .text.__hi0bits
                0x0000000008004ac0       0x40 c:/users/malep/appdata/roaming/xpacks/@xpack-dev-tools/arm-none-eabi-gcc/11.3.1-1.1.2/.content/bin/../lib/gcc/arm-none-eabi/11.3.1/../../../../arm-none-eabi/lib/thumb/v7e-m/nofp\libg_nano.a(libc_a-mprec.o)
                0x0000000008004ac0                __hi0bits
 .text.__lo0bits
                0x0000000008004b00       0x5a c:/users/malep/appdata/roaming/xpacks/@xpack-dev-tools/arm-none-eabi-gcc/11.3.1-1.1.2/.content/bin/../lib/gcc/arm-none-eabi/11.3.1/../../../../arm-none-eabi/lib/thumb/v7e-m/nofp\libg_nano.a(libc_a-mprec.o)
                0x0000000008004b00                __lo0bits
 *fill*         0x0000000008004b5a        0x2 
 .text.__i2b    0x0000000008004b5c       0x2c c:/users/malep/appdata/roaming/xpacks/@xpack-dev-tools/arm-none-eabi-gcc/11.3.1-1.1.2/.content/bin/../lib/gcc/arm-none-eabi/11.3.1/../../../../arm-none-eabi/lib/thumb/v7e-m/nofp\libg_nano.a(libc_a-mprec.o)
                0x0000000008004b5c                __i2b
 .text.__multiply
                0x0000000008004b88      0x154 c:/users/malep/appdata/roaming/xpacks/@xpack-dev-tools/arm-none-eabi-gcc/11.3.1-1.1.2/.content/bin/../lib/gcc/arm-none-eabi/11.3.1/../../../../arm-none-eabi/lib/thumb/v7e-m/nofp\libg_nano.a(libc_a-mprec.o)
                0x0000000008004b88                __multiply
 .text.__pow5mult
                0x0000000008004cdc       0xb4 c:/users/malep/appdata/roaming/xpacks/@xpack-dev-tools/arm-none-eabi-gcc/11.3.1-1.1.2/.content/bin/../lib/gcc/arm-none-eabi/11.3.1/../../../../arm-none-eabi/lib/thumb/v7e-m/nofp\libg_nano.a(libc_a-mprec.o)
                0x0000000008004cdc                __pow5mult
 .text.__lshift
                0x0000000008004d90       0xd8 c:/users/malep/appdata/roaming/xpacks/@xpack-dev-tools/arm-none-eabi-gcc/11.3.1-1.1.2/.content/bin/../lib/gcc/arm-none-eabi/11.3.1/../../../../arm-none-eabi/lib/thumb/v7e-m/nofp\libg_nano.a(libc_a-mprec.o)
                0x0000000008004d90                __lshift
 .text.__mcmp   0x0000000008004e68       0x36 c:/users/malep/appdata/roaming/xpacks/@xpack-dev-tools/arm-none-eabi-gcc/11.3.1-1.1.2/.content/bin/../lib/gcc/arm-none-eabi/11.3.1/../../../../arm-none-eabi/lib/thumb/v7e-m/nofp\libg_nano.a(libc_a-mprec.o)
                0x0000000008004e68                __mcmp
 *fill*         0x0000000008004e9e        0x2 
 .text.__mdiff  0x0000000008004ea0      0x110 c:/users/malep/appdata/roaming/xpacks/@xpack-dev-tools/arm-none-eabi-gcc/11.3.1-1.1.2/.content/bin/../lib/gcc/arm-none-eabi/11.3.1/../../../../arm-none-eabi/lib/thumb/v7e-m/nofp\libg_nano.a(libc_a-mprec.o)
                0x0000000008004ea0                __mdiff
 .text.__ulp    0x0000000008004fb0       0x40 c:/users/malep/appdata/roaming/xpacks/@xpack-dev-tools/arm-none-eabi-gcc/11.3.1-1.1.2/.content/bin/../lib/gcc/arm-none-eabi/11.3.1/../../../../arm-none-eabi/lib/thumb/v7e-m/nofp\libg_nano.a(libc_a-mprec.o)
                0x0000000008004fb0                __ulp
 .text.__b2d    0x0000000008004ff0       0x90 c:/users/malep/appdata/roaming/xpacks/@xpack-dev-tools/arm-none-eabi-gcc/11.3.1-1.1.2/.content/bin/../lib/gcc/arm-none-eabi/11.3.1/../../../../arm-none-eabi/lib/thumb/v7e-m/nofp\libg_nano.a(libc_a-mprec.o)
                0x0000000008004ff0                __b2d
 .text.__d2b    0x0000000008005080       0xac c:/users/malep/appdata/roaming/xpacks/@xpack-dev-tools/arm-none-eabi-gcc/11.3.1-1.1.2/.content/bin/../lib/gcc/arm-none-eabi/11.3.1/../../../../arm-none-eabi/lib/thumb/v7e-m/nofp\libg_nano.a(libc_a-mprec.o)
                0x0000000008005080                __d2b
 .text.__ratio  0x000000000800512c       0x5c c:/users/malep/appdata/roaming/xpacks/@xpack-dev-tools/arm-none-eabi-gcc/11.3.1-1.1.2/.content/bin/../lib/gcc/arm-none-eabi/11.3.1/../../../../arm-none-eabi/lib/thumb/v7e-m/nofp\libg_nano.a(libc_a-mprec.o)
                0x000000000800512c                __ratio
 .text.__copybits
                0x0000000008005188       0x46 c:/users/malep/appdata/roaming/xpacks/@xpack-dev-tools/arm-none-eabi-gcc/11.3.1-1.1.2/.content/bin/../lib/gcc/arm-none-eabi/11.3.1/../../../../arm-none-eabi/lib/thumb/v7e-m/nofp\libg_nano.a(libc_a-mprec.o)
                0x0000000008005188                __copybits
 .text.__any_on
                0x00000000080051ce       0x42 c:/users/malep/appdata/roaming/xpacks/@xpack-dev-tools/arm-none-eabi-gcc/11.3.1-1.1.2/.content/bin/../lib/gcc/arm-none-eabi/11.3.1/../../../../arm-none-eabi/lib/thumb/v7e-m/nofp\libg_nano.a(libc_a-mprec.o)
                0x00000000080051ce                __any_on
 .text.sulp     0x0000000008005210       0x42 c:/users/malep/appdata/roaming/xpacks/@xpack-dev-tools/arm-none-eabi-gcc/11.3.1-1.1.2/.content/bin/../lib/gcc/arm-none-eabi/11.3.1/../../../../arm-none-eabi/lib/thumb/v7e-m/nofp\libg_nano.a(libc_a-strtod.o)
 *fill*         0x0000000008005252        0x6 
 .text._strtod_l
                0x0000000008005258      0xbe0 c:/users/malep/appdata/roaming/xpacks/@xpack-dev-tools/arm-none-eabi-gcc/11.3.1-1.1.2/.content/bin/../lib/gcc/arm-none-eabi/11.3.1/../../../../arm-none-eabi/lib/thumb/v7e-m/nofp\libg_nano.a(libc_a-strtod.o)
                0x0000000008005258                _strtod_l
 .text._strtod_r
                0x0000000008005e38        0xc c:/users/malep/appdata/roaming/xpacks/@xpack-dev-tools/arm-none-eabi-gcc/11.3.1-1.1.2/.content/bin/../lib/gcc/arm-none-eabi/11.3.1/../../../../arm-none-eabi/lib/thumb/v7e-m/nofp\libg_nano.a(libc_a-strtod.o)
                0x0000000008005e38                _strtod_r
 .text._strtol_l.constprop.0
                0x0000000008005e44       0xfc c:/users/malep/appdata/roaming/xpacks/@xpack-dev-tools/arm-none-eabi-gcc/11.3.1-1.1.2/.content/bin/../lib/gcc/arm-none-eabi/11.3.1/../../../../arm-none-eabi/lib/thumb/v7e-m/nofp\libg_nano.a(libc_a-strtol.o)
 .text._strtol_r
                0x0000000008005f40        0x4 c:/users/malep/appdata/roaming/xpacks/@xpack-dev-tools/arm-none-eabi-gcc/11.3.1-1.1.2/.content/bin/../lib/gcc/arm-none-eabi/11.3.1/../../../../arm-none-eabi/lib/thumb/v7e-m/nofp\libg_nano.a(libc_a-strtol.o)
                0x0000000008005f40                _strtol_r
 .text.__ssputs_r
                0x0000000008005f44       0xb4 c:/users/malep/appdata/roaming/xpacks/@xpack-dev-tools/arm-none-eabi-gcc/11.3.1-1.1.2/.content/bin/../lib/gcc/arm-none-eabi/11.3.1/../../../../arm-none-eabi/lib/thumb/v7e-m/nofp\libg_nano.a(libc_a-nano-svfprintf.o)
                0x0000000008005f44                __ssputs_r
 .text._svfprintf_r
                0x0000000008005ff8      0x1fc c:/users/malep/appdata/roaming/xpacks/@xpack-dev-tools/arm-none-eabi-gcc/11.3.1-1.1.2/.content/bin/../lib/gcc/arm-none-eabi/11.3.1/../../../../arm-none-eabi/lib/thumb/v7e-m/nofp\libg_nano.a(libc_a-nano-svfprintf.o)
                0x0000000008005ff8                _svfiprintf_r
                0x0000000008005ff8                _svfprintf_r
 .text.memmove  0x00000000080061f4       0x34 c:/users/malep/appdata/roaming/xpacks/@xpack-dev-tools/arm-none-eabi-gcc/11.3.1-1.1.2/.content/bin/../lib/gcc/arm-none-eabi/11.3.1/../../../../arm-none-eabi/lib/thumb/v7e-m/nofp\libg_nano.a(libc_a-memmove.o)
                0x00000000080061f4                memmove
 .text.strncmp  0x0000000008006228       0x24 c:/users/malep/appdata/roaming/xpacks/@xpack-dev-tools/arm-none-eabi-gcc/11.3.1-1.1.2/.content/bin/../lib/gcc/arm-none-eabi/11.3.1/../../../../arm-none-eabi/lib/thumb/v7e-m/nofp\libg_nano.a(libc_a-strncmp.o)
                0x0000000008006228                strncmp
 .text._sbrk_r  0x000000000800624c       0x20 c:/users/malep/appdata/roaming/xpacks/@xpack-dev-tools/arm-none-eabi-gcc/11.3.1-1.1.2/.content/bin/../lib/gcc/arm-none-eabi/11.3.1/../../../../arm-none-eabi/lib/thumb/v7e-m/nofp\libg_nano.a(libc_a-sbrkr.o)
                0x000000000800624c                _sbrk_r
 .text.__retarget_lock_acquire_recursive
                0x000000000800626c        0x2 c:/users/malep/appdata/roaming/xpacks/@xpack-dev-tools/arm-none-eabi-gcc/11.3.1-1.1.2/.content/bin/../lib/gcc/arm-none-eabi/11.3.1/../../../../arm-none-eabi/lib/thumb/v7e-m/nofp\libg_nano.a(libc_a-lock.o)
                0x000000000800626c                __retarget_lock_acquire_recursive
 .text.__retarget_lock_release_recursive
                0x000000000800626e        0x2 c:/users/malep/appdata/roaming/xpacks/@xpack-dev-tools/arm-none-eabi-gcc/11.3.1-1.1.2/.content/bin/../lib/gcc/arm-none-eabi/11.3.1/../../../../arm-none-eabi/lib/thumb/v7e-m/nofp\libg_nano.a(libc_a-lock.o)
                0x000000000800626e                __retarget_lock_release_recursive
 .text.memcpy   0x0000000008006270       0x1c c:/users/malep/appdata/roaming/xpacks/@xpack-dev-tools/arm-none-eabi-gcc/11.3.1-1.1.2/.content/bin/../lib/gcc/arm-none-eabi/11.3.1/../../../../arm-none-eabi/lib/thumb/v7e-m/nofp\libg_nano.a(libc_a-memcpy-stub.o)
                0x0000000008006270                memcpy
 .text.nan      0x000000000800628c        0xc c:/users/malep/appdata/roaming/xpacks/@xpack-dev-tools/arm-none-eabi-gcc/11.3.1-1.1.2/.content/bin/../lib/gcc/arm-none-eabi/11.3.1/../../../../arm-none-eabi/lib/thumb/v7e-m/nofp\libg_nano.a(libm_a-s_nan.o)
                0x000000000800628c                nan
 .text._calloc_r
                0x0000000008006298       0x28 c:/users/malep/appdata/roaming/xpacks/@xpack-dev-tools/arm-none-eabi-gcc/11.3.1-1.1.2/.content/bin/../lib/gcc/arm-none-eabi/11.3.1/../../../../arm-none-eabi/lib/thumb/v7e-m/nofp\libg_nano.a(libc_a-callocr.o)
                0x0000000008006298                _calloc_r
 .text._free_r  0x00000000080062c0       0x94 c:/users/malep/appdata/roaming/xpacks/@xpack-dev-tools/arm-none-eabi-gcc/11.3.1-1.1.2/.content/bin/../lib/gcc/arm-none-eabi/11.3.1/../../../../arm-none-eabi/lib/thumb/v7e-m/nofp\libg_nano.a(libc_a-freer.o)
                0x00000000080062c0                _free_r
 .text.rshift   0x0000000008006354       0xa4 c:/users/malep/appdata/roaming/xpacks/@xpack-dev-tools/arm-none-eabi-gcc/11.3.1-1.1.2/.content/bin/../lib/gcc/arm-none-eabi/11.3.1/../../../../arm-none-eabi/lib/thumb/v7e-m/nofp\libg_nano.a(libc_a-gdtoa-gethex.o)
 .text.__hexdig_fun
                0x00000000080063f8       0x2a c:/users/malep/appdata/roaming/xpacks/@xpack-dev-tools/arm-none-eabi-gcc/11.3.1-1.1.2/.content/bin/../lib/gcc/arm-none-eabi/11.3.1/../../../../arm-none-eabi/lib/thumb/v7e-m/nofp\libg_nano.a(libc_a-gdtoa-gethex.o)
                0x00000000080063f8                __hexdig_fun
 *fill*         0x0000000008006422        0x2 
 .text.__gethex
                0x0000000008006424      0x460 c:/users/malep/appdata/roaming/xpacks/@xpack-dev-tools/arm-none-eabi-gcc/11.3.1-1.1.2/.content/bin/../lib/gcc/arm-none-eabi/11.3.1/../../../../arm-none-eabi/lib/thumb/v7e-m/nofp\libg_nano.a(libc_a-gdtoa-gethex.o)
                0x0000000008006424                __gethex
 .text.L_shift  0x0000000008006884       0x24 c:/users/malep/appdata/roaming/xpacks/@xpack-dev-tools/arm-none-eabi-gcc/11.3.1-1.1.2/.content/bin/../lib/gcc/arm-none-eabi/11.3.1/../../../../arm-none-eabi/lib/thumb/v7e-m/nofp\libg_nano.a(libc_a-gdtoa-hexnan.o)
 .text.__match  0x00000000080068a8       0x28 c:/users/malep/appdata/roaming/xpacks/@xpack-dev-tools/arm-none-eabi-gcc/11.3.1-1.1.2/.content/bin/../lib/gcc/arm-none-eabi/11.3.1/../../../../arm-none-eabi/lib/thumb/v7e-m/nofp\libg_nano.a(libc_a-gdtoa-hexnan.o)
                0x00000000080068a8                __match
 .text.__hexnan
                0x00000000080068d0      0x136 c:/users/malep/appdata/roaming/xpacks/@xpack-dev-tools/arm-none-eabi-gcc/11.3.1-1.1.2/.content/bin/../lib/gcc/arm-none-eabi/11.3.1/../../../../arm-none-eabi/lib/thumb/v7e-m/nofp\libg_nano.a(libc_a-gdtoa-hexnan.o)
                0x00000000080068d0                __hexnan
 .text.__ascii_mbtowc
                0x0000000008006a06       0x24 c:/users/malep/appdata/roaming/xpacks/@xpack-dev-tools/arm-none-eabi-gcc/11.3.1-1.1.2/.content/bin/../lib/gcc/arm-none-eabi/11.3.1/../../../../arm-none-eabi/lib/thumb/v7e-m/nofp\libg_nano.a(libc_a-mbtowc_r.o)
                0x0000000008006a06                __ascii_mbtowc
 .text._realloc_r
                0x0000000008006a2a       0x5e c:/users/malep/appdata/roaming/xpacks/@xpack-dev-tools/arm-none-eabi-gcc/11.3.1-1.1.2/.content/bin/../lib/gcc/arm-none-eabi/11.3.1/../../../../arm-none-eabi/lib/thumb/v7e-m/nofp\libg_nano.a(libc_a-reallocr.o)
                0x0000000008006a2a                _realloc_r
 .text.__ascii_wctomb
                0x0000000008006a88       0x1a c:/users/malep/appdata/roaming/xpacks/@xpack-dev-tools/arm-none-eabi-gcc/11.3.1-1.1.2/.content/bin/../lib/gcc/arm-none-eabi/11.3.1/../../../../arm-none-eabi/lib/thumb/v7e-m/nofp\libg_nano.a(libc_a-wctomb_r.o)
                0x0000000008006a88                __ascii_wctomb
 .text._malloc_usable_size_r
                0x0000000008006aa2       0x10 c:/users/malep/appdata/roaming/xpacks/@xpack-dev-tools/arm-none-eabi-gcc/11.3.1-1.1.2/.content/bin/../lib/gcc/arm-none-eabi/11.3.1/../../../../arm-none-eabi/lib/thumb/v7e-m/nofp\libg_nano.a(libc_a-msizer.o)
                0x0000000008006aa2                _malloc_usable_size_r
 *fill*         0x0000000008006ab2        0x2 
 .text          0x0000000008006ab4      0x424 c:/users/malep/appdata/roaming/xpacks/@xpack-dev-tools/arm-none-eabi-gcc/11.3.1-1.1.2/.content/bin/../lib/gcc/arm-none-eabi/11.3.1/thumb/v7e-m/nofp\libgcc.a(_arm_muldivdf3.o)
                0x0000000008006ab4                __aeabi_dmul
                0x0000000008006ab4                __muldf3
                0x0000000008006d08                __divdf3
                0x0000000008006d08                __aeabi_ddiv
 .text          0x0000000008006ed8      0x110 c:/users/malep/appdata/roaming/xpacks/@xpack-dev-tools/arm-none-eabi-gcc/11.3.1-1.1.2/.content/bin/../lib/gcc/arm-none-eabi/11.3.1/thumb/v7e-m/nofp\libgcc.a(_arm_cmpdf2.o)
                0x0000000008006ed8                __gtdf2
                0x0000000008006ed8                __gedf2
                0x0000000008006ee0                __ltdf2
                0x0000000008006ee0                __ledf2
                0x0000000008006ee8                __nedf2
                0x0000000008006ee8                __eqdf2
                0x0000000008006ee8                __cmpdf2
                0x0000000008006f64                __aeabi_cdrcmple
                0x0000000008006f74                __aeabi_cdcmpeq
                0x0000000008006f74                __aeabi_cdcmple
                0x0000000008006f84                __aeabi_dcmpeq
                0x0000000008006f98                __aeabi_dcmplt
                0x0000000008006fac                __aeabi_dcmple
                0x0000000008006fc0                __aeabi_dcmpge
                0x0000000008006fd4                __aeabi_dcmpgt
 .text          0x0000000008006fe8       0x2c c:/users/malep/appdata/roaming/xpacks/@xpack-dev-tools/arm-none-eabi-gcc/11.3.1-1.1.2/.content/bin/../lib/gcc/arm-none-eabi/11.3.1/thumb/v7e-m/nofp\libgcc.a(_arm_unorddf2.o)
                0x0000000008006fe8                __unorddf2
                0x0000000008006fe8                __aeabi_dcmpun
 .text          0x0000000008007014       0x50 c:/users/malep/appdata/roaming/xpacks/@xpack-dev-tools/arm-none-eabi-gcc/11.3.1-1.1.2/.content/bin/../lib/gcc/arm-none-eabi/11.3.1/thumb/v7e-m/nofp\libgcc.a(_arm_fixdfsi.o)
                0x0000000008007014                __aeabi_d2iz
                0x0000000008007014                __fixdfsi
 .text          0x0000000008007064       0x40 c:/users/malep/appdata/roaming/xpacks/@xpack-dev-tools/arm-none-eabi-gcc/11.3.1-1.1.2/.content/bin/../lib/gcc/arm-none-eabi/11.3.1/thumb/v7e-m/nofp\libgcc.a(_arm_fixunsdfsi.o)
                0x0000000008007064                __aeabi_d2uiz
                0x0000000008007064                __fixunsdfsi
 .text          0x00000000080070a4       0xa0 c:/users/malep/appdata/roaming/xpacks/@xpack-dev-tools/arm-none-eabi-gcc/11.3.1-1.1.2/.content/bin/../lib/gcc/arm-none-eabi/11.3.1/thumb/v7e-m/nofp\libgcc.a(_arm_truncdfsf2.o)
                0x00000000080070a4                __truncdfsf2
                0x00000000080070a4                __aeabi_d2f
 .text.__fixdfdi
                0x0000000008007144       0x34 c:/users/malep/appdata/roaming/xpacks/@xpack-dev-tools/arm-none-eabi-gcc/11.3.1-1.1.2/.content/bin/../lib/gcc/arm-none-eabi/11.3.1/thumb/v7e-m/nofp\libgcc.a(_fixdfdi.o)
                0x0000000008007144                __fixdfdi
                0x0000000008007144                __aeabi_d2lz
 .text.__fixunsdfdi
                0x0000000008007178       0x3c c:/users/malep/appdata/roaming/xpacks/@xpack-dev-tools/arm-none-eabi-gcc/11.3.1-1.1.2/.content/bin/../lib/gcc/arm-none-eabi/11.3.1/thumb/v7e-m/nofp\libgcc.a(_fixunsdfdi.o)
                0x0000000008007178                __fixunsdfdi
                0x0000000008007178                __aeabi_d2ulz
 *(.rodata .rodata.* .constdata .constdata.*)
 .rodata.HAL_NVIC_SetPriorityGrouping.str1.4
                0x00000000080071b4       0x31 ./system/src/stm32f4-hal/stm32f4xx_hal_cortex.o
 *fill*         0x00000000080071e5        0x3 
 .rodata.HAL_RCC_OscConfig.str1.4
                0x00000000080071e8       0x2e ./system/src/stm32f4-hal/stm32f4xx_hal_rcc.o
 *fill*         0x0000000008007216        0x2 
 .rodata.__assert_func.str1.4
                0x0000000008007218       0x3f ./system/src/newlib/assert.o
                                         0x43 (size before relaxing)
 *fill*         0x0000000008007257        0x1 
 .rodata.abort.str1.4
                0x0000000008007258       0x14 ./system/src/newlib/exit.o
 .rodata.trace_puts.str1.4
                0x000000000800726c       0x14 ./system/src/diag/trace.o
                                          0x2 (size before relaxing)
 .rodata.dumpExceptionStack.str1.4
                0x000000000800726c      0x11a ./system/src/cortexm/exception-handlers.o
 *fill*         0x0000000008007386        0x2 
 .rodata.str1.4
                0x0000000008007388       0x2a ./system/src/cortexm/exception-handlers.o
 *fill*         0x00000000080073b2        0x2 
 .rodata.AHBPrescTable
                0x00000000080073b4       0x10 ./system/src/cmsis/system_stm32f4xx.o
                0x00000000080073b4                AHBPrescTable
 .rodata.assert_failed.str1.4
                0x00000000080073c4       0x2d ./src/initialize-hardware.o
 *fill*         0x00000000080073f1        0x3 
 .rodata.print_matrix.str1.4
                0x00000000080073f4       0x2f ./src/main.o
                                         0x33 (size before relaxing)
 *fill*         0x0000000008007423        0x1 
 .rodata.main.str1.4
                0x0000000008007424       0xa3 ./src/main.o
 *fill*         0x00000000080074c7        0x1 
 .rodata        0x00000000080074c8       0x40 ./src/main.o
 .rodata._printf_float.str1.1
                0x0000000008007508       0x12 c:/users/malep/appdata/roaming/xpacks/@xpack-dev-tools/arm-none-eabi-gcc/11.3.1-1.1.2/.content/bin/../lib/gcc/arm-none-eabi/11.3.1/../../../../arm-none-eabi/lib/thumb/v7e-m/nofp\libg_nano.a(libc_a-nano-vfprintf_float.o)
 .rodata._printf_i.str1.1
                0x000000000800751a       0x22 c:/users/malep/appdata/roaming/xpacks/@xpack-dev-tools/arm-none-eabi-gcc/11.3.1-1.1.2/.content/bin/../lib/gcc/arm-none-eabi/11.3.1/../../../../arm-none-eabi/lib/thumb/v7e-m/nofp\libg_nano.a(libc_a-nano-vfprintf_i.o)
 .rodata._scanf_float.str1.1
                0x000000000800753c        0x5 c:/users/malep/appdata/roaming/xpacks/@xpack-dev-tools/arm-none-eabi-gcc/11.3.1-1.1.2/.content/bin/../lib/gcc/arm-none-eabi/11.3.1/../../../../arm-none-eabi/lib/thumb/v7e-m/nofp\libg_nano.a(libc_a-nano-vfscanf_float.o)
                                          0x6 (size before relaxing)
 .rodata._dtoa_r.str1.1
                0x0000000008007541       0xa0 c:/users/malep/appdata/roaming/xpacks/@xpack-dev-tools/arm-none-eabi-gcc/11.3.1-1.1.2/.content/bin/../lib/gcc/arm-none-eabi/11.3.1/../../../../arm-none-eabi/lib/thumb/v7e-m/nofp\libg_nano.a(libc_a-dtoa.o)
                                         0xa2 (size before relaxing)
 .rodata._Balloc.str1.1
                0x00000000080075e1       0x6c c:/users/malep/appdata/roaming/xpacks/@xpack-dev-tools/arm-none-eabi-gcc/11.3.1-1.1.2/.content/bin/../lib/gcc/arm-none-eabi/11.3.1/../../../../arm-none-eabi/lib/thumb/v7e-m/nofp\libg_nano.a(libc_a-mprec.o)
                                         0x83 (size before relaxing)
 .rodata.__multadd.str1.1
                0x000000000800764d       0x11 c:/users/malep/appdata/roaming/xpacks/@xpack-dev-tools/arm-none-eabi-gcc/11.3.1-1.1.2/.content/bin/../lib/gcc/arm-none-eabi/11.3.1/../../../../arm-none-eabi/lib/thumb/v7e-m/nofp\libg_nano.a(libc_a-mprec.o)
 *fill*         0x000000000800764d        0x3 
 .rodata.__mprec_bigtens
                0x0000000008007650       0x28 c:/users/malep/appdata/roaming/xpacks/@xpack-dev-tools/arm-none-eabi-gcc/11.3.1-1.1.2/.content/bin/../lib/gcc/arm-none-eabi/11.3.1/../../../../arm-none-eabi/lib/thumb/v7e-m/nofp\libg_nano.a(libc_a-mprec.o)
                0x0000000008007650                __mprec_bigtens
 .rodata.__mprec_tens
                0x0000000008007678       0xc8 c:/users/malep/appdata/roaming/xpacks/@xpack-dev-tools/arm-none-eabi-gcc/11.3.1-1.1.2/.content/bin/../lib/gcc/arm-none-eabi/11.3.1/../../../../arm-none-eabi/lib/thumb/v7e-m/nofp\libg_nano.a(libc_a-mprec.o)
                0x0000000008007678                __mprec_tens
 .rodata.p05.0  0x0000000008007740        0xc c:/users/malep/appdata/roaming/xpacks/@xpack-dev-tools/arm-none-eabi-gcc/11.3.1-1.1.2/.content/bin/../lib/gcc/arm-none-eabi/11.3.1/../../../../arm-none-eabi/lib/thumb/v7e-m/nofp\libg_nano.a(libc_a-mprec.o)
 .rodata._strtod_l.str1.1
                0x000000000800774c        0x2 c:/users/malep/appdata/roaming/xpacks/@xpack-dev-tools/arm-none-eabi-gcc/11.3.1-1.1.2/.content/bin/../lib/gcc/arm-none-eabi/11.3.1/../../../../arm-none-eabi/lib/thumb/v7e-m/nofp\libg_nano.a(libc_a-strtod.o)
                                          0xf (size before relaxing)
 *fill*         0x000000000800774e        0x2 
 .rodata.fpi.1  0x0000000008007750       0x14 c:/users/malep/appdata/roaming/xpacks/@xpack-dev-tools/arm-none-eabi-gcc/11.3.1-1.1.2/.content/bin/../lib/gcc/arm-none-eabi/11.3.1/../../../../arm-none-eabi/lib/thumb/v7e-m/nofp\libg_nano.a(libc_a-strtod.o)
 .rodata.fpinan.0
                0x0000000008007764       0x14 c:/users/malep/appdata/roaming/xpacks/@xpack-dev-tools/arm-none-eabi-gcc/11.3.1-1.1.2/.content/bin/../lib/gcc/arm-none-eabi/11.3.1/../../../../arm-none-eabi/lib/thumb/v7e-m/nofp\libg_nano.a(libc_a-strtod.o)
 .rodata.tinytens
                0x0000000008007778       0x28 c:/users/malep/appdata/roaming/xpacks/@xpack-dev-tools/arm-none-eabi-gcc/11.3.1-1.1.2/.content/bin/../lib/gcc/arm-none-eabi/11.3.1/../../../../arm-none-eabi/lib/thumb/v7e-m/nofp\libg_nano.a(libc_a-strtod.o)
 .rodata._ctype_
                0x00000000080077a0      0x101 c:/users/malep/appdata/roaming/xpacks/@xpack-dev-tools/arm-none-eabi-gcc/11.3.1-1.1.2/.content/bin/../lib/gcc/arm-none-eabi/11.3.1/../../../../arm-none-eabi/lib/thumb/v7e-m/nofp\libg_nano.a(libc_a-ctype_.o)
                0x00000000080077a0                _ctype_
 .rodata._svfprintf_r.str1.1
                0x00000000080078a1       0x11 c:/users/malep/appdata/roaming/xpacks/@xpack-dev-tools/arm-none-eabi-gcc/11.3.1-1.1.2/.content/bin/../lib/gcc/arm-none-eabi/11.3.1/../../../../arm-none-eabi/lib/thumb/v7e-m/nofp\libg_nano.a(libc_a-nano-svfprintf.o)
 .rodata._setlocale_r.str1.1
                0x00000000080078b2        0x8 c:/users/malep/appdata/roaming/xpacks/@xpack-dev-tools/arm-none-eabi-gcc/11.3.1-1.1.2/.content/bin/../lib/gcc/arm-none-eabi/11.3.1/../../../../arm-none-eabi/lib/thumb/v7e-m/nofp\libg_nano.a(libc_a-locale.o)
                                          0x9 (size before relaxing)
 .rodata.str1.1
                0x00000000080078ba        0x2 c:/users/malep/appdata/roaming/xpacks/@xpack-dev-tools/arm-none-eabi-gcc/11.3.1-1.1.2/.content/bin/../lib/gcc/arm-none-eabi/11.3.1/../../../../arm-none-eabi/lib/thumb/v7e-m/nofp\libg_nano.a(libc_a-locale.o)
 .rodata.__gethex.str1.1
                0x00000000080078ba       0x73 c:/users/malep/appdata/roaming/xpacks/@xpack-dev-tools/arm-none-eabi-gcc/11.3.1-1.1.2/.content/bin/../lib/gcc/arm-none-eabi/11.3.1/../../../../arm-none-eabi/lib/thumb/v7e-m/nofp\libg_nano.a(libc_a-gdtoa-gethex.o)
                                         0x86 (size before relaxing)
 *(vtable)
 *(.eh_frame*)
 *(.glue_7)
 .glue_7        0x000000000800792d        0x0 linker stubs
 *(.glue_7t)
 .glue_7t       0x000000000800792d        0x0 linker stubs

.vfp11_veneer   0x0000000008007930        0x0
 .vfp11_veneer  0x0000000008007930        0x0 linker stubs

.v4_bx          0x0000000008007930        0x0
 .v4_bx         0x0000000008007930        0x0 linker stubs

.iplt           0x0000000008007930        0x0
 .iplt          0x0000000008007930        0x0 ./system/src/stm32f4-hal/stm32f4xx_hal.o

.ARM.extab
 *(.ARM.extab* .gnu.linkonce.armextab.*)
                0x0000000008007930                . = ALIGN (0x4)
                0x0000000008007930                __exidx_start = .

.ARM.exidx      0x0000000008007930        0x8
 *(.ARM.exidx* .gnu.linkonce.armexidx.*)
 .ARM.exidx.text.__udivmoddi4
                0x0000000008007930        0x8 c:/users/malep/appdata/roaming/xpacks/@xpack-dev-tools/arm-none-eabi-gcc/11.3.1-1.1.2/.content/bin/../lib/gcc/arm-none-eabi/11.3.1/thumb/v7e-m/nofp\libgcc.a(_udivmoddi4.o)
                0x0000000008007938                __exidx_end = .

.rel.dyn        0x0000000008007938        0x0
 .rel.iplt      0x0000000008007938        0x0 ./system/src/stm32f4-hal/stm32f4xx_hal.o
                0x0000000008007938                . = ALIGN (0x4)
                0x0000000008007938                _etext = .
                0x0000000008007938                __etext = .

.data_CCMRAM    0x0000000010000000        0x0 load address 0x0000000008007938
 FILL mask 0xff
 *(.data.CCMRAM .data.CCMRAM.*)
                0x0000000010000000                . = ALIGN (0x4)
                0x0000000008007938                _sidata = LOADADDR (.data)

.data           0x0000000020000000      0x1d8 load address 0x0000000008007938
 FILL mask 0xff
                0x0000000020000000                _sdata = .
                0x0000000020000000                __data_start__ = .
 *(.data_begin .data_begin.*)
 .data_begin    0x0000000020000000        0x4 ./system/src/newlib/startup.o
 *(.data .data.*)
 .data.uwTickFreq
                0x0000000020000004        0x1 ./system/src/stm32f4-hal/stm32f4xx_hal.o
                0x0000000020000004                uwTickFreq
 *fill*         0x0000000020000005        0x3 ff
 .data.uwTickPrio
                0x0000000020000008        0x4 ./system/src/stm32f4-hal/stm32f4xx_hal.o
                0x0000000020000008                uwTickPrio
 .data.argv.1   0x000000002000000c        0x8 ./system/src/newlib/syscalls.o
 .data.SystemCoreClock
                0x0000000020000014        0x4 ./system/src/cmsis/system_stm32f4xx.o
                0x0000000020000014                SystemCoreClock
 .data._impure_data
                0x0000000020000018       0x4c c:/users/malep/appdata/roaming/xpacks/@xpack-dev-tools/arm-none-eabi-gcc/11.3.1-1.1.2/.content/bin/../lib/gcc/arm-none-eabi/11.3.1/../../../../arm-none-eabi/lib/thumb/v7e-m/nofp\libg_nano.a(libc_a-impure.o)
                0x0000000020000018                _impure_data
 .data._impure_ptr
                0x0000000020000064        0x4 c:/users/malep/appdata/roaming/xpacks/@xpack-dev-tools/arm-none-eabi-gcc/11.3.1-1.1.2/.content/bin/../lib/gcc/arm-none-eabi/11.3.1/../../../../arm-none-eabi/lib/thumb/v7e-m/nofp\libg_nano.a(libc_a-impure.o)
                0x0000000020000064                _impure_ptr
 .data.__global_locale
                0x0000000020000068      0x16c c:/users/malep/appdata/roaming/xpacks/@xpack-dev-tools/arm-none-eabi-gcc/11.3.1-1.1.2/.content/bin/../lib/gcc/arm-none-eabi/11.3.1/../../../../arm-none-eabi/lib/thumb/v7e-m/nofp\libg_nano.a(libc_a-locale.o)
                0x0000000020000068                __global_locale
 *(.data_end .data_end.*)
 .data_end      0x00000000200001d4        0x4 ./system/src/newlib/startup.o
                0x00000000200001d8                . = ALIGN (0x4)
                0x00000000200001d8                _edata = .
                0x00000000200001d8                __data_end__ = .

.igot.plt       0x00000000200001d8        0x0 load address 0x0000000008007b10
 .igot.plt      0x00000000200001d8        0x0 ./system/src/stm32f4-hal/stm32f4xx_hal.o

.bss_CCMRAM     0x0000000010000000        0x0
 *(.bss.CCMRAM .bss.CCMRAM.*)

.bss            0x00000000200001d8       0xa8
                0x00000000200001d8                __bss_start__ = .
                0x00000000200001d8                _sbss = .
 *(.bss_begin .bss_begin.*)
 .bss_begin     0x00000000200001d8        0x4 ./system/src/newlib/startup.o
 *(.bss .bss.*)
 .bss.uwTick    0x00000000200001dc        0x4 ./system/src/stm32f4-hal/stm32f4xx_hal.o
                0x00000000200001dc                uwTick
 .bss.current_heap_end.0
                0x00000000200001e0        0x4 ./system/src/newlib/sbrk.o
 .bss.errno     0x00000000200001e4        0x4 ./system/src/newlib/syscalls.o
                0x00000000200001e4                errno
 .bss.name.0    0x00000000200001e8        0x1 ./system/src/newlib/syscalls.o
 *fill*         0x00000000200001e9        0x3 
 .bss.buf.0     0x00000000200001ec       0x80 ./system/src/diag/trace.o
 .bss.timer_delayCount
                0x000000002000026c        0x4 ./src/timer.o
                0x000000002000026c                timer_delayCount
 .bss.__malloc_free_list
                0x0000000020000270        0x4 c:/users/malep/appdata/roaming/xpacks/@xpack-dev-tools/arm-none-eabi-gcc/11.3.1-1.1.2/.content/bin/../lib/gcc/arm-none-eabi/11.3.1/../../../../arm-none-eabi/lib/thumb/v7e-m/nofp\libg_nano.a(libc_a-mallocr.o)
                0x0000000020000270                __malloc_free_list
 .bss.__malloc_sbrk_start
                0x0000000020000274        0x4 c:/users/malep/appdata/roaming/xpacks/@xpack-dev-tools/arm-none-eabi-gcc/11.3.1-1.1.2/.content/bin/../lib/gcc/arm-none-eabi/11.3.1/../../../../arm-none-eabi/lib/thumb/v7e-m/nofp\libg_nano.a(libc_a-mallocr.o)
                0x0000000020000274                __malloc_sbrk_start
 .bss.__lock___malloc_recursive_mutex
                0x0000000020000278        0x1 c:/users/malep/appdata/roaming/xpacks/@xpack-dev-tools/arm-none-eabi-gcc/11.3.1-1.1.2/.content/bin/../lib/gcc/arm-none-eabi/11.3.1/../../../../arm-none-eabi/lib/thumb/v7e-m/nofp\libg_nano.a(libc_a-lock.o)
                0x0000000020000278                __lock___malloc_recursive_mutex
 *(COMMON)
 *(.bss_end .bss_end.*)
 *fill*         0x0000000020000279        0x3 
 .bss_end       0x000000002000027c        0x4 ./system/src/newlib/startup.o
                0x0000000020000280                . = ALIGN (0x4)
                0x0000000020000280                __bss_end__ = .
                0x0000000020000280                _ebss = .

.noinit_CCMRAM
 *(.noinit.CCMRAM .noinit.CCMRAM.*)

.noinit         0x0000000020000280        0x0
                0x0000000020000280                _noinit = .
 *(.noinit .noinit.*)
                0x0000000020000280                . = ALIGN (0x4)
                0x0000000020000280                _end_noinit = .
                [!provide]                        PROVIDE (end = _end_noinit)
                [!provide]                        PROVIDE (_end = _end_noinit)
                [!provide]                        PROVIDE (__end = _end_noinit)
                [!provide]                        PROVIDE (__end__ = _end_noinit)

._check_stack   0x0000000020000280      0x100
                0x0000000020000380                . = (. + _Minimum_Stack_Size)
 *fill*         0x0000000020000280      0x100 

.b1text
 *(.b1text)
 *(.b1rodata)
 *(.b1rodata.*)

.eb0text
 *(.eb0text)
 *(.eb0rodata)
 *(.eb0rodata.*)

.eb1text
 *(.eb1text)
 *(.eb1rodata)
 *(.eb1rodata.*)

.eb2text
 *(.eb2text)
 *(.eb2rodata)
 *(.eb2rodata.*)

.eb3text
 *(.eb3text)
 *(.eb3rodata)
 *(.eb3rodata.*)

.stab
 *(.stab)

.stabstr
 *(.stabstr)

.stab.excl
 *(.stab.excl)

.stab.exclstr
 *(.stab.exclstr)

.stab.index
 *(.stab.index)

.stab.indexstr
 *(.stab.indexstr)

.comment        0x0000000000000000       0xae
 *(.comment)
 .comment       0x0000000000000000       0x39 ./system/src/stm32f4-hal/stm32f4xx_hal.o
                                         0x3a (size before relaxing)
 .comment       0x0000000000000039       0x3a ./system/src/stm32f4-hal/stm32f4xx_hal_cortex.o
 .comment       0x0000000000000039       0x3a ./system/src/stm32f4-hal/stm32f4xx_hal_rcc.o
 .comment       0x0000000000000039       0x3a ./system/src/newlib/assert.o
 .comment       0x0000000000000039       0x3a ./system/src/newlib/exit.o
 .comment       0x0000000000000039       0x3a ./system/src/newlib/sbrk.o
 .comment       0x0000000000000039       0x3a ./system/src/newlib/startup.o
 .comment       0x0000000000000039       0x3a ./system/src/newlib/syscalls.o
 .comment       0x0000000000000039       0x3a ./system/src/diag/trace-impl.o
 .comment       0x0000000000000039       0x3a ./system/src/diag/trace.o
 .comment       0x0000000000000039       0x3a ./system/src/cortexm/exception-handlers.o
 .comment       0x0000000000000039       0x3a ./system/src/cortexm/initialize-hardware.o
 .comment       0x0000000000000039       0x3a ./system/src/cmsis/system_stm32f4xx.o
 .comment       0x0000000000000039       0x3a ./system/src/cmsis/vectors_stm32f429xx.o
 .comment       0x0000000000000039       0x3a ./src/initialize-hardware.o
 .comment       0x0000000000000039       0x3a ./src/kalman_filter.o
 .comment       0x0000000000000039       0x3a ./src/main.o
 .comment       0x0000000000000039       0x3a ./src/stm32f4xx_hal_msp.o
 .comment       0x0000000000000039       0x3a ./src/timer.o
 .comment       0x0000000000000039       0x75 ../lib\libarm_cortexM4l_math.a(arm_mat_trans_f32.o)
                                         0x76 (size before relaxing)
 .comment       0x00000000000000ae       0x76 ../lib\libarm_cortexM4l_math.a(arm_mat_sub_f32.o)
 .comment       0x00000000000000ae       0x76 ../lib\libarm_cortexM4l_math.a(arm_mat_mult_f32.o)
 .comment       0x00000000000000ae       0x76 ../lib\libarm_cortexM4l_math.a(arm_mat_inverse_f32.o)
 .comment       0x00000000000000ae       0x76 ../lib\libarm_cortexM4l_math.a(arm_mat_init_f32.o)
 .comment       0x00000000000000ae       0x76 ../lib\libarm_cortexM4l_math.a(arm_mat_add_f32.o)
 .comment       0x00000000000000ae       0x3a c:/users/malep/appdata/roaming/xpacks/@xpack-dev-tools/arm-none-eabi-gcc/11.3.1-1.1.2/.content/bin/../lib/gcc/arm-none-eabi/11.3.1/thumb/v7e-m/nofp\libgcc.a(_udivmoddi4.o)
 .comment       0x00000000000000ae       0x3a c:/users/malep/appdata/roaming/xpacks/@xpack-dev-tools/arm-none-eabi-gcc/11.3.1-1.1.2/.content/bin/../lib/gcc/arm-none-eabi/11.3.1/../../../../arm-none-eabi/lib/thumb/v7e-m/nofp\libg_nano.a(libc_a-nano-vfprintf_float.o)
 .comment       0x00000000000000ae       0x3a c:/users/malep/appdata/roaming/xpacks/@xpack-dev-tools/arm-none-eabi-gcc/11.3.1-1.1.2/.content/bin/../lib/gcc/arm-none-eabi/11.3.1/../../../../arm-none-eabi/lib/thumb/v7e-m/nofp\libg_nano.a(libc_a-nano-vfprintf_i.o)
 .comment       0x00000000000000ae       0x3a c:/users/malep/appdata/roaming/xpacks/@xpack-dev-tools/arm-none-eabi-gcc/11.3.1-1.1.2/.content/bin/../lib/gcc/arm-none-eabi/11.3.1/../../../../arm-none-eabi/lib/thumb/v7e-m/nofp\libg_nano.a(libc_a-nano-vfscanf_float.o)
 .comment       0x00000000000000ae       0x3a c:/users/malep/appdata/roaming/xpacks/@xpack-dev-tools/arm-none-eabi-gcc/11.3.1-1.1.2/.content/bin/../lib/gcc/arm-none-eabi/11.3.1/../../../../arm-none-eabi/lib/thumb/v7e-m/nofp\libg_nano.a(libc_a-sprintf.o)
 .comment       0x00000000000000ae       0x3a c:/users/malep/appdata/roaming/xpacks/@xpack-dev-tools/arm-none-eabi-gcc/11.3.1-1.1.2/.content/bin/../lib/gcc/arm-none-eabi/11.3.1/../../../../arm-none-eabi/lib/thumb/v7e-m/nofp\libg_nano.a(libc_a-vsnprintf.o)
 .comment       0x00000000000000ae       0x3a c:/users/malep/appdata/roaming/xpacks/@xpack-dev-tools/arm-none-eabi-gcc/11.3.1-1.1.2/.content/bin/../lib/gcc/arm-none-eabi/11.3.1/../../../../arm-none-eabi/lib/thumb/v7e-m/nofp\libg_nano.a(libc_a-memset.o)
 .comment       0x00000000000000ae       0x3a c:/users/malep/appdata/roaming/xpacks/@xpack-dev-tools/arm-none-eabi-gcc/11.3.1-1.1.2/.content/bin/../lib/gcc/arm-none-eabi/11.3.1/../../../../arm-none-eabi/lib/thumb/v7e-m/nofp\libg_nano.a(libc_a-localeconv.o)
 .comment       0x00000000000000ae       0x3a c:/users/malep/appdata/roaming/xpacks/@xpack-dev-tools/arm-none-eabi-gcc/11.3.1-1.1.2/.content/bin/../lib/gcc/arm-none-eabi/11.3.1/../../../../arm-none-eabi/lib/thumb/v7e-m/nofp\libg_nano.a(libc_a-impure.o)
 .comment       0x00000000000000ae       0x3a c:/users/malep/appdata/roaming/xpacks/@xpack-dev-tools/arm-none-eabi-gcc/11.3.1-1.1.2/.content/bin/../lib/gcc/arm-none-eabi/11.3.1/../../../../arm-none-eabi/lib/thumb/v7e-m/nofp\libg_nano.a(libc_a-errno.o)
 .comment       0x00000000000000ae       0x3a c:/users/malep/appdata/roaming/xpacks/@xpack-dev-tools/arm-none-eabi-gcc/11.3.1-1.1.2/.content/bin/../lib/gcc/arm-none-eabi/11.3.1/../../../../arm-none-eabi/lib/thumb/v7e-m/nofp\libg_nano.a(libm_a-sf_nan.o)
 .comment       0x00000000000000ae       0x3a c:/users/malep/appdata/roaming/xpacks/@xpack-dev-tools/arm-none-eabi-gcc/11.3.1-1.1.2/.content/bin/../lib/gcc/arm-none-eabi/11.3.1/../../../../arm-none-eabi/lib/thumb/v7e-m/nofp\libg_nano.a(libc_a-dtoa.o)
 .comment       0x00000000000000ae       0x3a c:/users/malep/appdata/roaming/xpacks/@xpack-dev-tools/arm-none-eabi-gcc/11.3.1-1.1.2/.content/bin/../lib/gcc/arm-none-eabi/11.3.1/../../../../arm-none-eabi/lib/thumb/v7e-m/nofp\libg_nano.a(libc_a-malloc.o)
 .comment       0x00000000000000ae       0x3a c:/users/malep/appdata/roaming/xpacks/@xpack-dev-tools/arm-none-eabi-gcc/11.3.1-1.1.2/.content/bin/../lib/gcc/arm-none-eabi/11.3.1/../../../../arm-none-eabi/lib/thumb/v7e-m/nofp\libg_nano.a(libc_a-mallocr.o)
 .comment       0x00000000000000ae       0x3a c:/users/malep/appdata/roaming/xpacks/@xpack-dev-tools/arm-none-eabi-gcc/11.3.1-1.1.2/.content/bin/../lib/gcc/arm-none-eabi/11.3.1/../../../../arm-none-eabi/lib/thumb/v7e-m/nofp\libg_nano.a(libc_a-mlock.o)
 .comment       0x00000000000000ae       0x3a c:/users/malep/appdata/roaming/xpacks/@xpack-dev-tools/arm-none-eabi-gcc/11.3.1-1.1.2/.content/bin/../lib/gcc/arm-none-eabi/11.3.1/../../../../arm-none-eabi/lib/thumb/v7e-m/nofp\libg_nano.a(libc_a-mprec.o)
 .comment       0x00000000000000ae       0x3a c:/users/malep/appdata/roaming/xpacks/@xpack-dev-tools/arm-none-eabi-gcc/11.3.1-1.1.2/.content/bin/../lib/gcc/arm-none-eabi/11.3.1/../../../../arm-none-eabi/lib/thumb/v7e-m/nofp\libg_nano.a(libc_a-strtod.o)
 .comment       0x00000000000000ae       0x3a c:/users/malep/appdata/roaming/xpacks/@xpack-dev-tools/arm-none-eabi-gcc/11.3.1-1.1.2/.content/bin/../lib/gcc/arm-none-eabi/11.3.1/../../../../arm-none-eabi/lib/thumb/v7e-m/nofp\libg_nano.a(libc_a-strtol.o)
 .comment       0x00000000000000ae       0x3a c:/users/malep/appdata/roaming/xpacks/@xpack-dev-tools/arm-none-eabi-gcc/11.3.1-1.1.2/.content/bin/../lib/gcc/arm-none-eabi/11.3.1/../../../../arm-none-eabi/lib/thumb/v7e-m/nofp\libg_nano.a(libc_a-ctype_.o)
 .comment       0x00000000000000ae       0x3a c:/users/malep/appdata/roaming/xpacks/@xpack-dev-tools/arm-none-eabi-gcc/11.3.1-1.1.2/.content/bin/../lib/gcc/arm-none-eabi/11.3.1/../../../../arm-none-eabi/lib/thumb/v7e-m/nofp\libg_nano.a(libc_a-nano-svfprintf.o)
 .comment       0x00000000000000ae       0x3a c:/users/malep/appdata/roaming/xpacks/@xpack-dev-tools/arm-none-eabi-gcc/11.3.1-1.1.2/.content/bin/../lib/gcc/arm-none-eabi/11.3.1/../../../../arm-none-eabi/lib/thumb/v7e-m/nofp\libg_nano.a(libc_a-memmove.o)
 .comment       0x00000000000000ae       0x3a c:/users/malep/appdata/roaming/xpacks/@xpack-dev-tools/arm-none-eabi-gcc/11.3.1-1.1.2/.content/bin/../lib/gcc/arm-none-eabi/11.3.1/../../../../arm-none-eabi/lib/thumb/v7e-m/nofp\libg_nano.a(libc_a-strncmp.o)
 .comment       0x00000000000000ae       0x3a c:/users/malep/appdata/roaming/xpacks/@xpack-dev-tools/arm-none-eabi-gcc/11.3.1-1.1.2/.content/bin/../lib/gcc/arm-none-eabi/11.3.1/../../../../arm-none-eabi/lib/thumb/v7e-m/nofp\libg_nano.a(libc_a-locale.o)
 .comment       0x00000000000000ae       0x3a c:/users/malep/appdata/roaming/xpacks/@xpack-dev-tools/arm-none-eabi-gcc/11.3.1-1.1.2/.content/bin/../lib/gcc/arm-none-eabi/11.3.1/../../../../arm-none-eabi/lib/thumb/v7e-m/nofp\libg_nano.a(libc_a-sbrkr.o)
 .comment       0x00000000000000ae       0x3a c:/users/malep/appdata/roaming/xpacks/@xpack-dev-tools/arm-none-eabi-gcc/11.3.1-1.1.2/.content/bin/../lib/gcc/arm-none-eabi/11.3.1/../../../../arm-none-eabi/lib/thumb/v7e-m/nofp\libg_nano.a(libc_a-lock.o)
 .comment       0x00000000000000ae       0x3a c:/users/malep/appdata/roaming/xpacks/@xpack-dev-tools/arm-none-eabi-gcc/11.3.1-1.1.2/.content/bin/../lib/gcc/arm-none-eabi/11.3.1/../../../../arm-none-eabi/lib/thumb/v7e-m/nofp\libg_nano.a(libc_a-memcpy-stub.o)
 .comment       0x00000000000000ae       0x3a c:/users/malep/appdata/roaming/xpacks/@xpack-dev-tools/arm-none-eabi-gcc/11.3.1-1.1.2/.content/bin/../lib/gcc/arm-none-eabi/11.3.1/../../../../arm-none-eabi/lib/thumb/v7e-m/nofp\libg_nano.a(libm_a-s_nan.o)
 .comment       0x00000000000000ae       0x3a c:/users/malep/appdata/roaming/xpacks/@xpack-dev-tools/arm-none-eabi-gcc/11.3.1-1.1.2/.content/bin/../lib/gcc/arm-none-eabi/11.3.1/../../../../arm-none-eabi/lib/thumb/v7e-m/nofp\libg_nano.a(libc_a-callocr.o)
 .comment       0x00000000000000ae       0x3a c:/users/malep/appdata/roaming/xpacks/@xpack-dev-tools/arm-none-eabi-gcc/11.3.1-1.1.2/.content/bin/../lib/gcc/arm-none-eabi/11.3.1/../../../../arm-none-eabi/lib/thumb/v7e-m/nofp\libg_nano.a(libc_a-freer.o)
 .comment       0x00000000000000ae       0x3a c:/users/malep/appdata/roaming/xpacks/@xpack-dev-tools/arm-none-eabi-gcc/11.3.1-1.1.2/.content/bin/../lib/gcc/arm-none-eabi/11.3.1/../../../../arm-none-eabi/lib/thumb/v7e-m/nofp\libg_nano.a(libc_a-gdtoa-gethex.o)
 .comment       0x00000000000000ae       0x3a c:/users/malep/appdata/roaming/xpacks/@xpack-dev-tools/arm-none-eabi-gcc/11.3.1-1.1.2/.content/bin/../lib/gcc/arm-none-eabi/11.3.1/../../../../arm-none-eabi/lib/thumb/v7e-m/nofp\libg_nano.a(libc_a-gdtoa-hexnan.o)
 .comment       0x00000000000000ae       0x3a c:/users/malep/appdata/roaming/xpacks/@xpack-dev-tools/arm-none-eabi-gcc/11.3.1-1.1.2/.content/bin/../lib/gcc/arm-none-eabi/11.3.1/../../../../arm-none-eabi/lib/thumb/v7e-m/nofp\libg_nano.a(libc_a-mbtowc_r.o)
 .comment       0x00000000000000ae       0x3a c:/users/malep/appdata/roaming/xpacks/@xpack-dev-tools/arm-none-eabi-gcc/11.3.1-1.1.2/.content/bin/../lib/gcc/arm-none-eabi/11.3.1/../../../../arm-none-eabi/lib/thumb/v7e-m/nofp\libg_nano.a(libc_a-reallocr.o)
 .comment       0x00000000000000ae       0x3a c:/users/malep/appdata/roaming/xpacks/@xpack-dev-tools/arm-none-eabi-gcc/11.3.1-1.1.2/.content/bin/../lib/gcc/arm-none-eabi/11.3.1/../../../../arm-none-eabi/lib/thumb/v7e-m/nofp\libg_nano.a(libc_a-wctomb_r.o)
 .comment       0x00000000000000ae       0x3a c:/users/malep/appdata/roaming/xpacks/@xpack-dev-tools/arm-none-eabi-gcc/11.3.1-1.1.2/.content/bin/../lib/gcc/arm-none-eabi/11.3.1/../../../../arm-none-eabi/lib/thumb/v7e-m/nofp\libg_nano.a(libc_a-msizer.o)
 .comment       0x00000000000000ae       0x3a c:/users/malep/appdata/roaming/xpacks/@xpack-dev-tools/arm-none-eabi-gcc/11.3.1-1.1.2/.content/bin/../lib/gcc/arm-none-eabi/11.3.1/thumb/v7e-m/nofp\libgcc.a(_fixdfdi.o)
 .comment       0x00000000000000ae       0x3a c:/users/malep/appdata/roaming/xpacks/@xpack-dev-tools/arm-none-eabi-gcc/11.3.1-1.1.2/.content/bin/../lib/gcc/arm-none-eabi/11.3.1/thumb/v7e-m/nofp\libgcc.a(_fixunsdfdi.o)

.ARM.attributes
                0x0000000000000000       0x2c
 .ARM.attributes
                0x0000000000000000       0x2e ./system/src/stm32f4-hal/stm32f4xx_hal.o
 .ARM.attributes
                0x000000000000002e       0x2e ./system/src/stm32f4-hal/stm32f4xx_hal_cortex.o
 .ARM.attributes
                0x000000000000005c       0x2e ./system/src/stm32f4-hal/stm32f4xx_hal_rcc.o
 .ARM.attributes
                0x000000000000008a       0x2e ./system/src/newlib/assert.o
 .ARM.attributes
                0x00000000000000b8       0x2e ./system/src/newlib/exit.o
 .ARM.attributes
                0x00000000000000e6       0x2e ./system/src/newlib/sbrk.o
 .ARM.attributes
                0x0000000000000114       0x2e ./system/src/newlib/startup.o
 .ARM.attributes
                0x0000000000000142       0x2e ./system/src/newlib/syscalls.o
 .ARM.attributes
                0x0000000000000170       0x2e ./system/src/diag/trace-impl.o
 .ARM.attributes
                0x000000000000019e       0x2e ./system/src/diag/trace.o
 .ARM.attributes
                0x00000000000001cc       0x2e ./system/src/cortexm/exception-handlers.o
 .ARM.attributes
                0x00000000000001fa       0x2e ./system/src/cortexm/initialize-hardware.o
 .ARM.attributes
                0x0000000000000228       0x2e ./system/src/cmsis/system_stm32f4xx.o
 .ARM.attributes
                0x0000000000000256       0x2e ./system/src/cmsis/vectors_stm32f429xx.o
 .ARM.attributes
                0x0000000000000284       0x2e ./src/initialize-hardware.o
 .ARM.attributes
                0x00000000000002b2       0x2e ./src/kalman_filter.o
 .ARM.attributes
                0x00000000000002e0       0x2e ./src/main.o
 .ARM.attributes
                0x000000000000030e       0x2e ./src/stm32f4xx_hal_msp.o
 .ARM.attributes
                0x000000000000033c       0x2e ./src/timer.o
 .ARM.attributes
                0x000000000000036a       0x2e ../lib\libarm_cortexM4l_math.a(arm_mat_trans_f32.o)
 .ARM.attributes
                0x0000000000000398       0x2e ../lib\libarm_cortexM4l_math.a(arm_mat_sub_f32.o)
 .ARM.attributes
                0x00000000000003c6       0x2e ../lib\libarm_cortexM4l_math.a(arm_mat_mult_f32.o)
 .ARM.attributes
                0x00000000000003f4       0x2e ../lib\libarm_cortexM4l_math.a(arm_mat_inverse_f32.o)
 .ARM.attributes
                0x0000000000000422       0x2e ../lib\libarm_cortexM4l_math.a(arm_mat_init_f32.o)
 .ARM.attributes
                0x0000000000000450       0x2e ../lib\libarm_cortexM4l_math.a(arm_mat_add_f32.o)
 .ARM.attributes
                0x000000000000047e       0x1e c:/users/malep/appdata/roaming/xpacks/@xpack-dev-tools/arm-none-eabi-gcc/11.3.1-1.1.2/.content/bin/../lib/gcc/arm-none-eabi/11.3.1/thumb/v7e-m/nofp\libgcc.a(_arm_addsubdf3.o)
 .ARM.attributes
                0x000000000000049c       0x1e c:/users/malep/appdata/roaming/xpacks/@xpack-dev-tools/arm-none-eabi-gcc/11.3.1-1.1.2/.content/bin/../lib/gcc/arm-none-eabi/11.3.1/thumb/v7e-m/nofp\libgcc.a(_arm_addsubsf3.o)
 .ARM.attributes
                0x00000000000004ba       0x1e c:/users/malep/appdata/roaming/xpacks/@xpack-dev-tools/arm-none-eabi-gcc/11.3.1-1.1.2/.content/bin/../lib/gcc/arm-none-eabi/11.3.1/thumb/v7e-m/nofp\libgcc.a(_arm_muldivsf3.o)
 .ARM.attributes
                0x00000000000004d8       0x1e c:/users/malep/appdata/roaming/xpacks/@xpack-dev-tools/arm-none-eabi-gcc/11.3.1-1.1.2/.content/bin/../lib/gcc/arm-none-eabi/11.3.1/thumb/v7e-m/nofp\libgcc.a(_arm_cmpsf2.o)
 .ARM.attributes
                0x00000000000004f6       0x1e c:/users/malep/appdata/roaming/xpacks/@xpack-dev-tools/arm-none-eabi-gcc/11.3.1-1.1.2/.content/bin/../lib/gcc/arm-none-eabi/11.3.1/thumb/v7e-m/nofp\libgcc.a(_aeabi_uldivmod.o)
 .ARM.attributes
                0x0000000000000514       0x2e c:/users/malep/appdata/roaming/xpacks/@xpack-dev-tools/arm-none-eabi-gcc/11.3.1-1.1.2/.content/bin/../lib/gcc/arm-none-eabi/11.3.1/thumb/v7e-m/nofp\libgcc.a(_udivmoddi4.o)
 .ARM.attributes
                0x0000000000000542       0x1e c:/users/malep/appdata/roaming/xpacks/@xpack-dev-tools/arm-none-eabi-gcc/11.3.1-1.1.2/.content/bin/../lib/gcc/arm-none-eabi/11.3.1/thumb/v7e-m/nofp\libgcc.a(_dvmd_tls.o)
 .ARM.attributes
                0x0000000000000560       0x2e c:/users/malep/appdata/roaming/xpacks/@xpack-dev-tools/arm-none-eabi-gcc/11.3.1-1.1.2/.content/bin/../lib/gcc/arm-none-eabi/11.3.1/../../../../arm-none-eabi/lib/thumb/v7e-m/nofp\libg_nano.a(libc_a-nano-vfprintf_float.o)
 .ARM.attributes
                0x000000000000058e       0x2e c:/users/malep/appdata/roaming/xpacks/@xpack-dev-tools/arm-none-eabi-gcc/11.3.1-1.1.2/.content/bin/../lib/gcc/arm-none-eabi/11.3.1/../../../../arm-none-eabi/lib/thumb/v7e-m/nofp\libg_nano.a(libc_a-nano-vfprintf_i.o)
 .ARM.attributes
                0x00000000000005bc       0x2e c:/users/malep/appdata/roaming/xpacks/@xpack-dev-tools/arm-none-eabi-gcc/11.3.1-1.1.2/.content/bin/../lib/gcc/arm-none-eabi/11.3.1/../../../../arm-none-eabi/lib/thumb/v7e-m/nofp\libg_nano.a(libc_a-nano-vfscanf_float.o)
 .ARM.attributes
                0x00000000000005ea       0x2e c:/users/malep/appdata/roaming/xpacks/@xpack-dev-tools/arm-none-eabi-gcc/11.3.1-1.1.2/.content/bin/../lib/gcc/arm-none-eabi/11.3.1/../../../../arm-none-eabi/lib/thumb/v7e-m/nofp\libg_nano.a(libc_a-sprintf.o)
 .ARM.attributes
                0x0000000000000618       0x2e c:/users/malep/appdata/roaming/xpacks/@xpack-dev-tools/arm-none-eabi-gcc/11.3.1-1.1.2/.content/bin/../lib/gcc/arm-none-eabi/11.3.1/../../../../arm-none-eabi/lib/thumb/v7e-m/nofp\libg_nano.a(libc_a-vsnprintf.o)
 .ARM.attributes
                0x0000000000000646       0x2e c:/users/malep/appdata/roaming/xpacks/@xpack-dev-tools/arm-none-eabi-gcc/11.3.1-1.1.2/.content/bin/../lib/gcc/arm-none-eabi/11.3.1/../../../../arm-none-eabi/lib/thumb/v7e-m/nofp\libg_nano.a(libc_a-memset.o)
 .ARM.attributes
                0x0000000000000674       0x2e c:/users/malep/appdata/roaming/xpacks/@xpack-dev-tools/arm-none-eabi-gcc/11.3.1-1.1.2/.content/bin/../lib/gcc/arm-none-eabi/11.3.1/../../../../arm-none-eabi/lib/thumb/v7e-m/nofp\libg_nano.a(libc_a-localeconv.o)
 .ARM.attributes
                0x00000000000006a2       0x2e c:/users/malep/appdata/roaming/xpacks/@xpack-dev-tools/arm-none-eabi-gcc/11.3.1-1.1.2/.content/bin/../lib/gcc/arm-none-eabi/11.3.1/../../../../arm-none-eabi/lib/thumb/v7e-m/nofp\libg_nano.a(libc_a-impure.o)
 .ARM.attributes
                0x00000000000006d0       0x2e c:/users/malep/appdata/roaming/xpacks/@xpack-dev-tools/arm-none-eabi-gcc/11.3.1-1.1.2/.content/bin/../lib/gcc/arm-none-eabi/11.3.1/../../../../arm-none-eabi/lib/thumb/v7e-m/nofp\libg_nano.a(libc_a-errno.o)
 .ARM.attributes
                0x00000000000006fe       0x1c c:/users/malep/appdata/roaming/xpacks/@xpack-dev-tools/arm-none-eabi-gcc/11.3.1-1.1.2/.content/bin/../lib/gcc/arm-none-eabi/11.3.1/../../../../arm-none-eabi/lib/thumb/v7e-m/nofp\libg_nano.a(libc_a-memchr.o)
 .ARM.attributes
                0x000000000000071a       0x17 c:/users/malep/appdata/roaming/xpacks/@xpack-dev-tools/arm-none-eabi-gcc/11.3.1-1.1.2/.content/bin/../lib/gcc/arm-none-eabi/11.3.1/../../../../arm-none-eabi/lib/thumb/v7e-m/nofp\libg_nano.a(libc_a-strlen.o)
 .ARM.attributes
                0x0000000000000731       0x2e c:/users/malep/appdata/roaming/xpacks/@xpack-dev-tools/arm-none-eabi-gcc/11.3.1-1.1.2/.content/bin/../lib/gcc/arm-none-eabi/11.3.1/../../../../arm-none-eabi/lib/thumb/v7e-m/nofp\libg_nano.a(libm_a-sf_nan.o)
 .ARM.attributes
                0x000000000000075f       0x2e c:/users/malep/appdata/roaming/xpacks/@xpack-dev-tools/arm-none-eabi-gcc/11.3.1-1.1.2/.content/bin/../lib/gcc/arm-none-eabi/11.3.1/../../../../arm-none-eabi/lib/thumb/v7e-m/nofp\libg_nano.a(libc_a-dtoa.o)
 .ARM.attributes
                0x000000000000078d       0x2e c:/users/malep/appdata/roaming/xpacks/@xpack-dev-tools/arm-none-eabi-gcc/11.3.1-1.1.2/.content/bin/../lib/gcc/arm-none-eabi/11.3.1/../../../../arm-none-eabi/lib/thumb/v7e-m/nofp\libg_nano.a(libc_a-malloc.o)
 .ARM.attributes
                0x00000000000007bb       0x2e c:/users/malep/appdata/roaming/xpacks/@xpack-dev-tools/arm-none-eabi-gcc/11.3.1-1.1.2/.content/bin/../lib/gcc/arm-none-eabi/11.3.1/../../../../arm-none-eabi/lib/thumb/v7e-m/nofp\libg_nano.a(libc_a-mallocr.o)
 .ARM.attributes
                0x00000000000007e9       0x2e c:/users/malep/appdata/roaming/xpacks/@xpack-dev-tools/arm-none-eabi-gcc/11.3.1-1.1.2/.content/bin/../lib/gcc/arm-none-eabi/11.3.1/../../../../arm-none-eabi/lib/thumb/v7e-m/nofp\libg_nano.a(libc_a-mlock.o)
 .ARM.attributes
                0x0000000000000817       0x2e c:/users/malep/appdata/roaming/xpacks/@xpack-dev-tools/arm-none-eabi-gcc/11.3.1-1.1.2/.content/bin/../lib/gcc/arm-none-eabi/11.3.1/../../../../arm-none-eabi/lib/thumb/v7e-m/nofp\libg_nano.a(libc_a-mprec.o)
 .ARM.attributes
                0x0000000000000845       0x2e c:/users/malep/appdata/roaming/xpacks/@xpack-dev-tools/arm-none-eabi-gcc/11.3.1-1.1.2/.content/bin/../lib/gcc/arm-none-eabi/11.3.1/../../../../arm-none-eabi/lib/thumb/v7e-m/nofp\libg_nano.a(libc_a-strtod.o)
 .ARM.attributes
                0x0000000000000873       0x2e c:/users/malep/appdata/roaming/xpacks/@xpack-dev-tools/arm-none-eabi-gcc/11.3.1-1.1.2/.content/bin/../lib/gcc/arm-none-eabi/11.3.1/../../../../arm-none-eabi/lib/thumb/v7e-m/nofp\libg_nano.a(libc_a-strtol.o)
 .ARM.attributes
                0x00000000000008a1       0x2e c:/users/malep/appdata/roaming/xpacks/@xpack-dev-tools/arm-none-eabi-gcc/11.3.1-1.1.2/.content/bin/../lib/gcc/arm-none-eabi/11.3.1/../../../../arm-none-eabi/lib/thumb/v7e-m/nofp\libg_nano.a(libc_a-ctype_.o)
 .ARM.attributes
                0x00000000000008cf       0x2e c:/users/malep/appdata/roaming/xpacks/@xpack-dev-tools/arm-none-eabi-gcc/11.3.1-1.1.2/.content/bin/../lib/gcc/arm-none-eabi/11.3.1/../../../../arm-none-eabi/lib/thumb/v7e-m/nofp\libg_nano.a(libc_a-nano-svfprintf.o)
 .ARM.attributes
                0x00000000000008fd       0x2e c:/users/malep/appdata/roaming/xpacks/@xpack-dev-tools/arm-none-eabi-gcc/11.3.1-1.1.2/.content/bin/../lib/gcc/arm-none-eabi/11.3.1/../../../../arm-none-eabi/lib/thumb/v7e-m/nofp\libg_nano.a(libc_a-memmove.o)
 .ARM.attributes
                0x000000000000092b       0x2e c:/users/malep/appdata/roaming/xpacks/@xpack-dev-tools/arm-none-eabi-gcc/11.3.1-1.1.2/.content/bin/../lib/gcc/arm-none-eabi/11.3.1/../../../../arm-none-eabi/lib/thumb/v7e-m/nofp\libg_nano.a(libc_a-strncmp.o)
 .ARM.attributes
                0x0000000000000959       0x2e c:/users/malep/appdata/roaming/xpacks/@xpack-dev-tools/arm-none-eabi-gcc/11.3.1-1.1.2/.content/bin/../lib/gcc/arm-none-eabi/11.3.1/../../../../arm-none-eabi/lib/thumb/v7e-m/nofp\libg_nano.a(libc_a-locale.o)
 .ARM.attributes
                0x0000000000000987       0x2e c:/users/malep/appdata/roaming/xpacks/@xpack-dev-tools/arm-none-eabi-gcc/11.3.1-1.1.2/.content/bin/../lib/gcc/arm-none-eabi/11.3.1/../../../../arm-none-eabi/lib/thumb/v7e-m/nofp\libg_nano.a(libc_a-sbrkr.o)
 .ARM.attributes
                0x00000000000009b5       0x2e c:/users/malep/appdata/roaming/xpacks/@xpack-dev-tools/arm-none-eabi-gcc/11.3.1-1.1.2/.content/bin/../lib/gcc/arm-none-eabi/11.3.1/../../../../arm-none-eabi/lib/thumb/v7e-m/nofp\libg_nano.a(libc_a-lock.o)
 .ARM.attributes
                0x00000000000009e3       0x2e c:/users/malep/appdata/roaming/xpacks/@xpack-dev-tools/arm-none-eabi-gcc/11.3.1-1.1.2/.content/bin/../lib/gcc/arm-none-eabi/11.3.1/../../../../arm-none-eabi/lib/thumb/v7e-m/nofp\libg_nano.a(libc_a-memcpy-stub.o)
 .ARM.attributes
                0x0000000000000a11       0x2e c:/users/malep/appdata/roaming/xpacks/@xpack-dev-tools/arm-none-eabi-gcc/11.3.1-1.1.2/.content/bin/../lib/gcc/arm-none-eabi/11.3.1/../../../../arm-none-eabi/lib/thumb/v7e-m/nofp\libg_nano.a(libm_a-s_nan.o)
 .ARM.attributes
                0x0000000000000a3f       0x2e c:/users/malep/appdata/roaming/xpacks/@xpack-dev-tools/arm-none-eabi-gcc/11.3.1-1.1.2/.content/bin/../lib/gcc/arm-none-eabi/11.3.1/../../../../arm-none-eabi/lib/thumb/v7e-m/nofp\libg_nano.a(libc_a-callocr.o)
 .ARM.attributes
                0x0000000000000a6d       0x2e c:/users/malep/appdata/roaming/xpacks/@xpack-dev-tools/arm-none-eabi-gcc/11.3.1-1.1.2/.content/bin/../lib/gcc/arm-none-eabi/11.3.1/../../../../arm-none-eabi/lib/thumb/v7e-m/nofp\libg_nano.a(libc_a-freer.o)
 .ARM.attributes
                0x0000000000000a9b       0x2e c:/users/malep/appdata/roaming/xpacks/@xpack-dev-tools/arm-none-eabi-gcc/11.3.1-1.1.2/.content/bin/../lib/gcc/arm-none-eabi/11.3.1/../../../../arm-none-eabi/lib/thumb/v7e-m/nofp\libg_nano.a(libc_a-gdtoa-gethex.o)
 .ARM.attributes
                0x0000000000000ac9       0x2e c:/users/malep/appdata/roaming/xpacks/@xpack-dev-tools/arm-none-eabi-gcc/11.3.1-1.1.2/.content/bin/../lib/gcc/arm-none-eabi/11.3.1/../../../../arm-none-eabi/lib/thumb/v7e-m/nofp\libg_nano.a(libc_a-gdtoa-hexnan.o)
 .ARM.attributes
                0x0000000000000af7       0x2e c:/users/malep/appdata/roaming/xpacks/@xpack-dev-tools/arm-none-eabi-gcc/11.3.1-1.1.2/.content/bin/../lib/gcc/arm-none-eabi/11.3.1/../../../../arm-none-eabi/lib/thumb/v7e-m/nofp\libg_nano.a(libc_a-mbtowc_r.o)
 .ARM.attributes
                0x0000000000000b25       0x2e c:/users/malep/appdata/roaming/xpacks/@xpack-dev-tools/arm-none-eabi-gcc/11.3.1-1.1.2/.content/bin/../lib/gcc/arm-none-eabi/11.3.1/../../../../arm-none-eabi/lib/thumb/v7e-m/nofp\libg_nano.a(libc_a-reallocr.o)
 .ARM.attributes
                0x0000000000000b53       0x2e c:/users/malep/appdata/roaming/xpacks/@xpack-dev-tools/arm-none-eabi-gcc/11.3.1-1.1.2/.content/bin/../lib/gcc/arm-none-eabi/11.3.1/../../../../arm-none-eabi/lib/thumb/v7e-m/nofp\libg_nano.a(libc_a-wctomb_r.o)
 .ARM.attributes
                0x0000000000000b81       0x2e c:/users/malep/appdata/roaming/xpacks/@xpack-dev-tools/arm-none-eabi-gcc/11.3.1-1.1.2/.content/bin/../lib/gcc/arm-none-eabi/11.3.1/../../../../arm-none-eabi/lib/thumb/v7e-m/nofp\libg_nano.a(libc_a-msizer.o)
 .ARM.attributes
                0x0000000000000baf       0x1e c:/users/malep/appdata/roaming/xpacks/@xpack-dev-tools/arm-none-eabi-gcc/11.3.1-1.1.2/.content/bin/../lib/gcc/arm-none-eabi/11.3.1/thumb/v7e-m/nofp\libgcc.a(_arm_muldivdf3.o)
 .ARM.attributes
                0x0000000000000bcd       0x1e c:/users/malep/appdata/roaming/xpacks/@xpack-dev-tools/arm-none-eabi-gcc/11.3.1-1.1.2/.content/bin/../lib/gcc/arm-none-eabi/11.3.1/thumb/v7e-m/nofp\libgcc.a(_arm_cmpdf2.o)
 .ARM.attributes
                0x0000000000000beb       0x1e c:/users/malep/appdata/roaming/xpacks/@xpack-dev-tools/arm-none-eabi-gcc/11.3.1-1.1.2/.content/bin/../lib/gcc/arm-none-eabi/11.3.1/thumb/v7e-m/nofp\libgcc.a(_arm_unorddf2.o)
 .ARM.attributes
                0x0000000000000c09       0x1e c:/users/malep/appdata/roaming/xpacks/@xpack-dev-tools/arm-none-eabi-gcc/11.3.1-1.1.2/.content/bin/../lib/gcc/arm-none-eabi/11.3.1/thumb/v7e-m/nofp\libgcc.a(_arm_fixdfsi.o)
 .ARM.attributes
                0x0000000000000c27       0x1e c:/users/malep/appdata/roaming/xpacks/@xpack-dev-tools/arm-none-eabi-gcc/11.3.1-1.1.2/.content/bin/../lib/gcc/arm-none-eabi/11.3.1/thumb/v7e-m/nofp\libgcc.a(_arm_fixunsdfsi.o)
 .ARM.attributes
                0x0000000000000c45       0x1e c:/users/malep/appdata/roaming/xpacks/@xpack-dev-tools/arm-none-eabi-gcc/11.3.1-1.1.2/.content/bin/../lib/gcc/arm-none-eabi/11.3.1/thumb/v7e-m/nofp\libgcc.a(_arm_truncdfsf2.o)
 .ARM.attributes
                0x0000000000000c63       0x2e c:/users/malep/appdata/roaming/xpacks/@xpack-dev-tools/arm-none-eabi-gcc/11.3.1-1.1.2/.content/bin/../lib/gcc/arm-none-eabi/11.3.1/thumb/v7e-m/nofp\libgcc.a(_fixdfdi.o)
 .ARM.attributes
                0x0000000000000c91       0x2e c:/users/malep/appdata/roaming/xpacks/@xpack-dev-tools/arm-none-eabi-gcc/11.3.1-1.1.2/.content/bin/../lib/gcc/arm-none-eabi/11.3.1/thumb/v7e-m/nofp\libgcc.a(_fixunsdfdi.o)

.debug
 *(.debug)

.line
 *(.line)

.debug_srcinfo
 *(.debug_srcinfo)

.debug_sfnames